Component: Arm Compiler for Embedded 6.18 Tool: armlink [5e4cc100]

==============================================================================

Section Cross References

    startup_stm32f103xb.o(RESET) refers to startup_stm32f103xb.o(STACK) for __initial_sp
    startup_stm32f103xb.o(RESET) refers to startup_stm32f103xb.o(.text) for Reset_Handler
    startup_stm32f103xb.o(RESET) refers to stm32f1xx_it.o(.text.NMI_Handler) for NMI_Handler
    startup_stm32f103xb.o(RESET) refers to stm32f1xx_it.o(.text.HardFault_Handler) for HardFault_Handler
    startup_stm32f103xb.o(RESET) refers to stm32f1xx_it.o(.text.MemManage_Handler) for MemManage_Handler
    startup_stm32f103xb.o(RESET) refers to stm32f1xx_it.o(.text.BusFault_Handler) for BusFault_Handler
    startup_stm32f103xb.o(RESET) refers to stm32f1xx_it.o(.text.UsageFault_Handler) for UsageFault_Handler
    startup_stm32f103xb.o(RESET) refers to stm32f1xx_it.o(.text.SVC_Handler) for SVC_Handler
    startup_stm32f103xb.o(RESET) refers to stm32f1xx_it.o(.text.DebugMon_Handler) for DebugMon_Handler
    startup_stm32f103xb.o(RESET) refers to stm32f1xx_it.o(.text.PendSV_Handler) for PendSV_Handler
    startup_stm32f103xb.o(RESET) refers to stm32f1xx_it.o(.text.SysTick_Handler) for SysTick_Handler
    startup_stm32f103xb.o(RESET) refers to stm32f1xx_it.o(.text.USART3_IRQHandler) for USART3_IRQHandler
    startup_stm32f103xb.o(.text) refers to system_stm32f1xx.o(.text.SystemInit) for SystemInit
    startup_stm32f103xb.o(.text) refers to entry.o(.ARM.Collect$$$$00000000) for __main
    as5600_encoder.o(.text.get_angle) refers to i2c.o(.bss.hi2c1) for hi2c1
    as5600_encoder.o(.text.get_angle) refers to stm32f1xx_hal_i2c.o(.text.HAL_I2C_Mem_Read) for HAL_I2C_Mem_Read
    as5600_encoder.o(.text.get_angle) refers to fflti.o(.text) for __aeabi_i2f
    as5600_encoder.o(.text.get_angle) refers to fmul.o(.text) for __aeabi_fmul
    as5600_encoder.o(.ARM.exidx.text.get_angle) refers to as5600_encoder.o(.text.get_angle) for [Anonymous Symbol]
    as5600_encoder.o(.text.get_angle_total) refers to i2c.o(.bss.hi2c1) for hi2c1
    as5600_encoder.o(.text.get_angle_total) refers to stm32f1xx_hal_i2c.o(.text.HAL_I2C_Mem_Read) for HAL_I2C_Mem_Read
    as5600_encoder.o(.text.get_angle_total) refers to fflti.o(.text) for __aeabi_i2f
    as5600_encoder.o(.text.get_angle_total) refers to fmul.o(.text) for __aeabi_fmul
    as5600_encoder.o(.text.get_angle_total) refers to as5600_encoder.o(.bss..L_MergedGlobals) for .L_MergedGlobals
    as5600_encoder.o(.text.get_angle_total) refers to fadd.o(.text) for __aeabi_fsub
    as5600_encoder.o(.text.get_angle_total) refers to fcmpgt.o(.text) for __aeabi_fcmpgt
    as5600_encoder.o(.ARM.exidx.text.get_angle_total) refers to as5600_encoder.o(.text.get_angle_total) for [Anonymous Symbol]
    current.o(.text.ADC_READ) refers to current.o(.bss.IPhase) for IPhase
    current.o(.text.ADC_READ) refers to dfltui.o(.text) for __aeabi_ui2d
    current.o(.text.ADC_READ) refers to dmul.o(.text) for __aeabi_dmul
    current.o(.text.ADC_READ) refers to dadd.o(.text) for __aeabi_dadd
    current.o(.text.ADC_READ) refers to dfixi.o(.text) for __aeabi_d2iz
    current.o(.ARM.exidx.text.ADC_READ) refers to current.o(.text.ADC_READ) for [Anonymous Symbol]
    current.o(.text.Clarke_Park) refers to fflti.o(.text) for __aeabi_i2f
    current.o(.text.Clarke_Park) refers to fmul.o(.text) for __aeabi_fmul
    current.o(.text.Clarke_Park) refers to ffixui.o(.text) for __aeabi_f2uiz
    current.o(.text.Clarke_Park) refers to ffltui.o(.text) for __aeabi_ui2f
    current.o(.text.Clarke_Park) refers to fadd.o(.text) for __aeabi_fadd
    current.o(.ARM.exidx.text.Clarke_Park) refers to current.o(.text.Clarke_Park) for [Anonymous Symbol]
    dengfoc.o(.text._normalizeAngle) refers to f2d.o(.text) for __aeabi_f2d
    dengfoc.o(.text._normalizeAngle) refers to fmod.o(i.fmod) for fmod
    dengfoc.o(.text._normalizeAngle) refers to d2f.o(.text) for __aeabi_d2f
    dengfoc.o(.text._normalizeAngle) refers to fcmplt.o(.text) for __aeabi_fcmplt
    dengfoc.o(.text._normalizeAngle) refers to dadd.o(.text) for __aeabi_dadd
    dengfoc.o(.ARM.exidx.text._normalizeAngle) refers to dengfoc.o(.text._normalizeAngle) for [Anonymous Symbol]
    dengfoc.o(.text._electricalAngle) refers to dengfoc.o(.data..L_MergedGlobals) for .L_MergedGlobals
    dengfoc.o(.text._electricalAngle) refers to fflti.o(.text) for __aeabi_i2f
    dengfoc.o(.text._electricalAngle) refers to as5600_encoder.o(.text.get_angle) for get_angle
    dengfoc.o(.text._electricalAngle) refers to dengfoc.o(.bss..L_MergedGlobals.1) for .L_MergedGlobals.1
    dengfoc.o(.text._electricalAngle) refers to fmul.o(.text) for __aeabi_fmul
    dengfoc.o(.text._electricalAngle) refers to fadd.o(.text) for __aeabi_fsub
    dengfoc.o(.text._electricalAngle) refers to f2d.o(.text) for __aeabi_f2d
    dengfoc.o(.text._electricalAngle) refers to fmod.o(i.fmod) for fmod
[...]
    Removing stm32f1xx_hal_tim.o(.text.HAL_TIM_PeriodElapsedHalfCpltCallback), (2 bytes).
    Removing stm32f1xx_hal_tim.o(.ARM.exidx.text.HAL_TIM_PeriodElapsedHalfCpltCallback), (8 bytes).
    Removing stm32f1xx_hal_tim.o(.text.HAL_TIM_IC_CaptureHalfCpltCallback), (2 bytes).
    Removing stm32f1xx_hal_tim.o(.ARM.exidx.text.HAL_TIM_IC_CaptureHalfCpltCallback), (8 bytes).
    Removing stm32f1xx_hal_tim.o(.text.HAL_TIM_PWM_PulseFinishedHalfCpltCallback), (2 bytes).
    Removing stm32f1xx_hal_tim.o(.ARM.exidx.text.HAL_TIM_PWM_PulseFinishedHalfCpltCallback), (8 bytes).
    Removing stm32f1xx_hal_tim.o(.text.HAL_TIM_TriggerHalfCpltCallback), (2 bytes).
    Removing stm32f1xx_hal_tim.o(.ARM.exidx.text.HAL_TIM_TriggerHalfCpltCallback), (8 bytes).
    Removing stm32f1xx_hal_tim.o(.text.HAL_TIM_ErrorCallback), (2 bytes).
    Removing stm32f1xx_hal_tim.o(.ARM.exidx.text.HAL_TIM_ErrorCallback), (8 bytes).
    Removing stm32f1xx_hal_tim.o(.text.HAL_TIM_Base_GetState), (6 bytes).
    Removing stm32f1xx_hal_tim.o(.ARM.exidx.text.HAL_TIM_Base_GetState), (8 bytes).
    Removing stm32f1xx_hal_tim.o(.text.HAL_TIM_OC_GetState), (6 bytes).
    Removing stm32f1xx_hal_tim.o(.ARM.exidx.text.HAL_TIM_OC_GetState), (8 bytes).
    Removing stm32f1xx_hal_tim.o(.text.HAL_TIM_PWM_GetState), (6 bytes).
    Removing stm32f1xx_hal_tim.o(.ARM.exidx.text.HAL_TIM_PWM_GetState), (8 bytes).
    Removing stm32f1xx_hal_tim.o(.text.HAL_TIM_IC_GetState), (6 bytes).
    Removing stm32f1xx_hal_tim.o(.ARM.exidx.text.HAL_TIM_IC_GetState), (8 bytes).
    Removing stm32f1xx_hal_tim.o(.text.HAL_TIM_OnePulse_GetState), (6 bytes).
    Removing stm32f1xx_hal_tim.o(.ARM.exidx.text.HAL_TIM_OnePulse_GetState), (8 bytes).
    Removing stm32f1xx_hal_tim.o(.text.HAL_TIM_Encoder_GetState), (6 bytes).
    Removing stm32f1xx_hal_tim.o(.ARM.exidx.text.HAL_TIM_Encoder_GetState), (8 bytes).
    Removing stm32f1xx_hal_tim.o(.text.HAL_TIM_GetActiveChannel), (4 bytes).
    Removing stm32f1xx_hal_tim.o(.ARM.exidx.text.HAL_TIM_GetActiveChannel), (8 bytes).
    Removing stm32f1xx_hal_tim.o(.text.HAL_TIM_GetChannelState), (34 bytes).
    Removing stm32f1xx_hal_tim.o(.ARM.exidx.text.HAL_TIM_GetChannelState), (8 bytes).
    Removing stm32f1xx_hal_tim.o(.text.HAL_TIM_DMABurstState), (6 bytes).
    Removing stm32f1xx_hal_tim.o(.ARM.exidx.text.HAL_TIM_DMABurstState), (8 bytes).
    Removing stm32f1xx_hal_tim_ex.o(.text), (0 bytes).
    Removing stm32f1xx_hal_tim_ex.o(.text.HAL_TIMEx_HallSensor_Init), (200 bytes).
    Removing stm32f1xx_hal_tim_ex.o(.ARM.exidx.text.HAL_TIMEx_HallSensor_Init), (8 bytes).
    Removing stm32f1xx_hal_tim_ex.o(.text.HAL_TIMEx_HallSensor_MspInit), (2 bytes).
    Removing stm32f1xx_hal_tim_ex.o(.ARM.exidx.text.HAL_TIMEx_HallSensor_MspInit), (8 bytes).
    Removing stm32f1xx_hal_tim_ex.o(.text.HAL_TIMEx_HallSensor_DeInit), (80 bytes).
    Removing stm32f1xx_hal_tim_ex.o(.ARM.exidx.text.HAL_TIMEx_HallSensor_DeInit), (8 bytes).
    Removing stm32f1xx_hal_tim_ex.o(.text.HAL_TIMEx_HallSensor_MspDeInit), (2 bytes).
    Removing stm32f1xx_hal_tim_ex.o(.ARM.exidx.text.HAL_TIMEx_HallSensor_MspDeInit), (8 bytes).
    Removing stm32f1xx_hal_tim_ex.o(.text.HAL_TIMEx_HallSensor_Start), (158 bytes).
    Removing stm32f1xx_hal_tim_ex.o(.ARM.exidx.text.HAL_TIMEx_HallSensor_Start), (8 bytes).
    Removing stm32f1xx_hal_tim_ex.o(.text.HAL_TIMEx_HallSensor_Stop), (66 bytes).
    Removing stm32f1xx_hal_tim_ex.o(.ARM.exidx.text.HAL_TIMEx_HallSensor_Stop), (8 bytes).
    Removing stm32f1xx_hal_tim_ex.o(.text.HAL_TIMEx_HallSensor_Start_IT), (166 bytes).
    Removing stm32f1xx_hal_tim_ex.o(.ARM.exidx.text.HAL_TIMEx_HallSensor_Start_IT), (8 bytes).
    Removing stm32f1xx_hal_tim_ex.o(.text.HAL_TIMEx_HallSensor_Stop_IT), (74 bytes).
    Removing stm32f1xx_hal_tim_ex.o(.ARM.exidx.text.HAL_TIMEx_HallSensor_Stop_IT), (8 bytes).
    Removing stm32f1xx_hal_tim_ex.o(.text.HAL_TIMEx_HallSensor_Start_DMA), (236 bytes).
    Removing stm32f1xx_hal_tim_ex.o(.ARM.exidx.text.HAL_TIMEx_HallSensor_Start_DMA), (8 bytes).
    Removing stm32f1xx_hal_tim_ex.o(.text.HAL_TIMEx_HallSensor_Stop_DMA), (74 bytes).
    Removing stm32f1xx_hal_tim_ex.o(.ARM.exidx.text.HAL_TIMEx_HallSensor_Stop_DMA), (8 bytes).
    Removing stm32f1xx_hal_tim_ex.o(.text.HAL_TIMEx_OCN_Start), (198 bytes).
    Removing stm32f1xx_hal_tim_ex.o(.ARM.exidx.text.HAL_TIMEx_OCN_Start), (8 bytes).
    Removing stm32f1xx_hal_tim_ex.o(.text.HAL_TIMEx_OCN_Stop), (146 bytes).
    Removing stm32f1xx_hal_tim_ex.o(.ARM.exidx.text.HAL_TIMEx_OCN_Stop), (8 bytes).
    Removing stm32f1xx_hal_tim_ex.o(.text.HAL_TIMEx_OCN_Start_IT), (238 bytes).
    Removing stm32f1xx_hal_tim_ex.o(.ARM.exidx.text.HAL_TIMEx_OCN_Start_IT), (8 bytes).
    Removing stm32f1xx_hal_tim_ex.o(.text.HAL_TIMEx_OCN_Stop_IT), (222 bytes).
    Removing stm32f1xx_hal_tim_ex.o(.ARM.exidx.text.HAL_TIMEx_OCN_Stop_IT), (8 bytes).
    Removing stm32f1xx_hal_tim_ex.o(.text.HAL_TIMEx_OCN_Start_DMA), (478 bytes).
    Removing stm32f1xx_hal_tim_ex.o(.ARM.exidx.text.HAL_TIMEx_OCN_Start_DMA), (8 bytes).
    Removing stm32f1xx_hal_tim_ex.o(.text.TIM_DMADelayPulseNCplt), (106 bytes).
    Removing stm32f1xx_hal_tim_ex.o(.ARM.exidx.text.TIM_DMADelayPulseNCplt), (8 bytes).
    Removing stm32f1xx_hal_tim_ex.o(.text.TIM_DMAErrorCCxN), (70 bytes).
    Removing stm32f1xx_hal_tim_ex.o(.ARM.exidx.text.TIM_DMAErrorCCxN), (8 bytes).
    Removing stm32f1xx_hal_tim_ex.o(.text.HAL_TIMEx_OCN_Stop_DMA), (196 bytes).
    Removing stm32f1xx_hal_tim_ex.o(.ARM.exidx.text.HAL_TIMEx_OCN_Stop_DMA), (8 bytes).
    Removing stm32f1xx_hal_tim_ex.o(.text.HAL_TIMEx_PWMN_Start), (198 bytes).
    Removing stm32f1xx_hal_tim_ex.o(.ARM.exidx.text.HAL_TIMEx_PWMN_Start), (8 bytes).
    Removing stm32f1xx_hal_tim_ex.o(.text.HAL_TIMEx_PWMN_Stop), (146 bytes).
    Removing stm32f1xx_hal_tim_ex.o(.ARM.exidx.text.HAL_TIMEx_PWMN_Stop), (8 bytes).
    Removing stm32f1xx_hal_tim_ex.o(.text.HAL_TIMEx_PWMN_Start_IT), (238 bytes).
    Removing stm32f1xx_hal_tim_ex.o(.ARM.exidx.text.HAL_TIMEx_PWMN_Start_IT), (8 bytes).
    Removing stm32f1xx_hal_tim_ex.o(.text.HAL_TIMEx_PWMN_Stop_IT), (222 bytes).
    Removing stm32f1xx_hal_tim_ex.o(.ARM.exidx.text.HAL_TIMEx_PWMN_Stop_IT), (8 bytes).
    Removing stm32f1xx_hal_tim_ex.o(.text.HAL_TIMEx_PWMN_Start_DMA), (478 bytes).
    Removing stm32f1xx_hal_tim_ex.o(.ARM.exidx.text.HAL_TIMEx_PWMN_Start_DMA), (8 bytes).
    Removing stm32f1xx_hal_tim_ex.o(.text.HAL_TIMEx_PWMN_Stop_DMA), (196 bytes).
    Removing stm32f1xx_hal_tim_ex.o(.ARM.exidx.text.HAL_TIMEx_PWMN_Stop_DMA), (8 bytes).
    Removing stm32f1xx_hal_tim_ex.o(.text.HAL_TIMEx_OnePulseN_Start), (120 bytes).
    Removing stm32f1xx_hal_tim_ex.o(.ARM.exidx.text.HAL_TIMEx_OnePulseN_Start), (8 bytes).
    Removing stm32f1xx_hal_tim_ex.o(.text.HAL_TIMEx_OnePulseN_Stop), (128 bytes).
    Removing stm32f1xx_hal_tim_ex.o(.ARM.exidx.text.HAL_TIMEx_OnePulseN_Stop), (8 bytes).
    Removing stm32f1xx_hal_tim_ex.o(.text.HAL_TIMEx_OnePulseN_Start_IT), (136 bytes).
    Removing stm32f1xx_hal_tim_ex.o(.ARM.exidx.text.HAL_TIMEx_OnePulseN_Start_IT), (8 bytes).
    Removing stm32f1xx_hal_tim_ex.o(.text.HAL_TIMEx_OnePulseN_Stop_IT), (144 bytes).
    Removing stm32f1xx_hal_tim_ex.o(.ARM.exidx.text.HAL_TIMEx_OnePulseN_Stop_IT), (8 bytes).
    Removing stm32f1xx_hal_tim_ex.o(.text.HAL_TIMEx_ConfigCommutEvent), (118 bytes).
    Removing stm32f1xx_hal_tim_ex.o(.ARM.exidx.text.HAL_TIMEx_ConfigCommutEvent), (8 bytes).
    Removing stm32f1xx_hal_tim_ex.o(.text.HAL_TIMEx_ConfigCommutEvent_IT), (118 bytes).
    Removing stm32f1xx_hal_tim_ex.o(.ARM.exidx.text.HAL_TIMEx_ConfigCommutEvent_IT), (8 bytes).
    Removing stm32f1xx_hal_tim_ex.o(.text.HAL_TIMEx_ConfigCommutEvent_DMA), (154 bytes).
    Removing stm32f1xx_hal_tim_ex.o(.ARM.exidx.text.HAL_TIMEx_ConfigCommutEvent_DMA), (8 bytes).
    Removing stm32f1xx_hal_tim_ex.o(.text.TIMEx_DMACommutationCplt), (12 bytes).
    Removing stm32f1xx_hal_tim_ex.o(.ARM.exidx.text.TIMEx_DMACommutationCplt), (8 bytes).
    Removing stm32f1xx_hal_tim_ex.o(.text.TIMEx_DMACommutationHalfCplt), (12 bytes).
    Removing stm32f1xx_hal_tim_ex.o(.ARM.exidx.text.TIMEx_DMACommutationHalfCplt), (8 bytes).
    Removing stm32f1xx_hal_tim_ex.o(.ARM.exidx.text.HAL_TIMEx_MasterConfigSynchronization), (8 bytes).
    Removing stm32f1xx_hal_tim_ex.o(.ARM.exidx.text.HAL_TIMEx_ConfigBreakDeadTime), (8 bytes).
    Removing stm32f1xx_hal_tim_ex.o(.text.HAL_TIMEx_RemapConfig), (4 bytes).
    Removing stm32f1xx_hal_tim_ex.o(.ARM.exidx.text.HAL_TIMEx_RemapConfig), (8 bytes).
    Removing stm32f1xx_hal_tim_ex.o(.text.HAL_TIMEx_CommutCallback), (2 bytes).
    Removing stm32f1xx_hal_tim_ex.o(.ARM.exidx.text.HAL_TIMEx_CommutCallback), (8 bytes).
    Removing stm32f1xx_hal_tim_ex.o(.text.HAL_TIMEx_CommutHalfCpltCallback), (2 bytes).
    Removing stm32f1xx_hal_tim_ex.o(.ARM.exidx.text.HAL_TIMEx_CommutHalfCpltCallback), (8 bytes).
    Removing stm32f1xx_hal_tim_ex.o(.text.HAL_TIMEx_BreakCallback), (2 bytes).
    Removing stm32f1xx_hal_tim_ex.o(.ARM.exidx.text.HAL_TIMEx_BreakCallback), (8 bytes).
    Removing stm32f1xx_hal_tim_ex.o(.text.HAL_TIMEx_HallSensor_GetState), (6 bytes).
    Removing stm32f1xx_hal_tim_ex.o(.ARM.exidx.text.HAL_TIMEx_HallSensor_GetState), (8 bytes).
    Removing stm32f1xx_hal_tim_ex.o(.text.HAL_TIMEx_GetChannelNState), (34 bytes).
    Removing stm32f1xx_hal_tim_ex.o(.ARM.exidx.text.HAL_TIMEx_GetChannelNState), (8 bytes).
    Removing stm32f1xx_hal_uart.o(.text), (0 bytes).
    Removing stm32f1xx_hal_uart.o(.ARM.exidx.text.HAL_UART_Init), (8 bytes).
    Removing stm32f1xx_hal_uart.o(.text.HAL_UART_MspInit), (2 bytes).
    Removing stm32f1xx_hal_uart.o(.ARM.exidx.text.HAL_UART_MspInit), (8 bytes).
    Removing stm32f1xx_hal_uart.o(.text.HAL_HalfDuplex_Init), (228 bytes).
    Removing stm32f1xx_hal_uart.o(.ARM.exidx.text.HAL_HalfDuplex_Init), (8 bytes).
    Removing stm32f1xx_hal_uart.o(.text.HAL_LIN_Init), (242 bytes).
    Removing stm32f1xx_hal_uart.o(.ARM.exidx.text.HAL_LIN_Init), (8 bytes).
    Removing stm32f1xx_hal_uart.o(.text.HAL_MultiProcessor_Init), (252 bytes).
    Removing stm32f1xx_hal_uart.o(.ARM.exidx.text.HAL_MultiProcessor_Init), (8 bytes).
    Removing stm32f1xx_hal_uart.o(.text.HAL_UART_DeInit), (54 bytes).
    Removing stm32f1xx_hal_uart.o(.ARM.exidx.text.HAL_UART_DeInit), (8 bytes).
    Removing stm32f1xx_hal_uart.o(.text.HAL_UART_MspDeInit), (2 bytes).
    Removing stm32f1xx_hal_uart.o(.ARM.exidx.text.HAL_UART_MspDeInit), (8 bytes).
    Removing stm32f1xx_hal_uart.o(.ARM.exidx.text.HAL_UART_Transmit), (8 bytes).
    Removing stm32f1xx_hal_uart.o(.text.HAL_UART_Receive), (318 bytes).
    Removing stm32f1xx_hal_uart.o(.ARM.exidx.text.HAL_UART_Receive), (8 bytes).
    Removing stm32f1xx_hal_uart.o(.text.HAL_UART_Transmit_IT), (68 bytes).
    Removing stm32f1xx_hal_uart.o(.ARM.exidx.text.HAL_UART_Transmit_IT), (8 bytes).
    Removing stm32f1xx_hal_uart.o(.ARM.exidx.text.HAL_UART_Receive_IT), (8 bytes).
    Removing stm32f1xx_hal_uart.o(.text.UART_Start_Receive_IT), (50 bytes).
    Removing stm32f1xx_hal_uart.o(.ARM.exidx.text.UART_Start_Receive_IT), (8 bytes).
    Removing stm32f1xx_hal_uart.o(.text.HAL_UART_Transmit_DMA), (124 bytes).
    Removing stm32f1xx_hal_uart.o(.ARM.exidx.text.HAL_UART_Transmit_DMA), (8 bytes).
    Removing stm32f1xx_hal_uart.o(.text.UART_DMATransmitCplt), (38 bytes).
    Removing stm32f1xx_hal_uart.o(.ARM.exidx.text.UART_DMATransmitCplt), (8 bytes).
    Removing stm32f1xx_hal_uart.o(.text.UART_DMATxHalfCplt), (6 bytes).
    Removing stm32f1xx_hal_uart.o(.ARM.exidx.text.UART_DMATxHalfCplt), (8 bytes).
    Removing stm32f1xx_hal_uart.o(.text.UART_DMAError), (108 bytes).
    Removing stm32f1xx_hal_uart.o(.ARM.exidx.text.UART_DMAError), (8 bytes).
    Removing stm32f1xx_hal_uart.o(.text.HAL_UART_Receive_DMA), (164 bytes).
    Removing stm32f1xx_hal_uart.o(.ARM.exidx.text.HAL_UART_Receive_DMA), (8 bytes).
    Removing stm32f1xx_hal_uart.o(.text.UART_Start_Receive_DMA), (114 bytes).
    Removing stm32f1xx_hal_uart.o(.ARM.exidx.text.UART_Start_Receive_DMA), (8 bytes).
    Removing stm32f1xx_hal_uart.o(.text.HAL_UART_DMAPause), (88 bytes).
    Removing stm32f1xx_hal_uart.o(.ARM.exidx.text.HAL_UART_DMAPause), (8 bytes).
    Removing stm32f1xx_hal_uart.o(.text.HAL_UART_DMAResume), (104 bytes).
    Removing stm32f1xx_hal_uart.o(.ARM.exidx.text.HAL_UART_DMAResume), (8 bytes).
    Removing stm32f1xx_hal_uart.o(.text.HAL_UART_DMAStop), (132 bytes).
    Removing stm32f1xx_hal_uart.o(.ARM.exidx.text.HAL_UART_DMAStop), (8 bytes).
    Removing stm32f1xx_hal_uart.o(.text.HAL_UARTEx_ReceiveToIdle), (474 bytes).
    Removing stm32f1xx_hal_uart.o(.ARM.exidx.text.HAL_UARTEx_ReceiveToIdle), (8 bytes).
    Removing stm32f1xx_hal_uart.o(.text.HAL_UARTEx_ReceiveToIdle_IT), (132 bytes).
    Removing stm32f1xx_hal_uart.o(.ARM.exidx.text.HAL_UARTEx_ReceiveToIdle_IT), (8 bytes).
    Removing stm32f1xx_hal_uart.o(.text.HAL_UARTEx_ReceiveToIdle_DMA), (192 bytes).
    Removing stm32f1xx_hal_uart.o(.ARM.exidx.text.HAL_UARTEx_ReceiveToIdle_DMA), (8 bytes).
    Removing stm32f1xx_hal_uart.o(.text.HAL_UART_Abort), (146 bytes).
    Removing stm32f1xx_hal_uart.o(.ARM.exidx.text.HAL_UART_Abort), (8 bytes).
    Removing stm32f1xx_hal_uart.o(.text.HAL_UART_AbortTransmit), (72 bytes).
    Removing stm32f1xx_hal_uart.o(.ARM.exidx.text.HAL_UART_AbortTransmit), (8 bytes).
    Removing stm32f1xx_hal_uart.o(.text.HAL_UART_AbortReceive), (98 bytes).
    Removing stm32f1xx_hal_uart.o(.ARM.exidx.text.HAL_UART_AbortReceive), (8 bytes).
    Removing stm32f1xx_hal_uart.o(.text.HAL_UART_Abort_IT), (180 bytes).
    Removing stm32f1xx_hal_uart.o(.ARM.exidx.text.HAL_UART_Abort_IT), (8 bytes).
    Removing stm32f1xx_hal_uart.o(.text.UART_DMATxAbortCallback), (42 bytes).
    Removing stm32f1xx_hal_uart.o(.ARM.exidx.text.UART_DMATxAbortCallback), (8 bytes).
    Removing stm32f1xx_hal_uart.o(.text.UART_DMARxAbortCallback), (42 bytes).
    Removing stm32f1xx_hal_uart.o(.ARM.exidx.text.UART_DMARxAbortCallback), (8 bytes).
    Removing stm32f1xx_hal_uart.o(.text.HAL_UART_AbortCpltCallback), (2 bytes).
    Removing stm32f1xx_hal_uart.o(.ARM.exidx.text.HAL_UART_AbortCpltCallback), (8 bytes).
    Removing stm32f1xx_hal_uart.o(.text.HAL_UART_AbortTransmit_IT), (100 bytes).
    Removing stm32f1xx_hal_uart.o(.ARM.exidx.text.HAL_UART_AbortTransmit_IT), (8 bytes).
    Removing stm32f1xx_hal_uart.o(.text.UART_DMATxOnlyAbortCallback), (16 bytes).
    Removing stm32f1xx_hal_uart.o(.ARM.exidx.text.UART_DMATxOnlyAbortCallback), (8 bytes).
    Removing stm32f1xx_hal_uart.o(.text.HAL_UART_AbortTransmitCpltCallback), (2 bytes).
    Removing stm32f1xx_hal_uart.o(.ARM.exidx.text.HAL_UART_AbortTransmitCpltCallback), (8 bytes).
    Removing stm32f1xx_hal_uart.o(.text.HAL_UART_AbortReceive_IT), (134 bytes).
    Removing stm32f1xx_hal_uart.o(.ARM.exidx.text.HAL_UART_AbortReceive_IT), (8 bytes).
    Removing stm32f1xx_hal_uart.o(.text.UART_DMARxOnlyAbortCallback), (18 bytes).
    Removing stm32f1xx_hal_uart.o(.ARM.exidx.text.UART_DMARxOnlyAbortCallback), (8 bytes).
    Removing stm32f1xx_hal_uart.o(.text.HAL_UART_AbortReceiveCpltCallback), (2 bytes).
    Removing stm32f1xx_hal_uart.o(.ARM.exidx.text.HAL_UART_AbortReceiveCpltCallback), (8 bytes).
    Removing stm32f1xx_hal_uart.o(.ARM.exidx.text.HAL_UART_IRQHandler), (8 bytes).
    Removing stm32f1xx_hal_uart.o(.ARM.exidx.text.UART_Receive_IT), (8 bytes).
    Removing stm32f1xx_hal_uart.o(.ARM.exidx.text.UART_DMAAbortOnError), (8 bytes).
    Removing stm32f1xx_hal_uart.o(.ARM.exidx.text.HAL_UART_ErrorCallback), (8 bytes).
    Removing stm32f1xx_hal_uart.o(.ARM.exidx.text.HAL_UARTEx_RxEventCallback), (8 bytes).
    Removing stm32f1xx_hal_uart.o(.ARM.exidx.text.HAL_UART_TxCpltCallback), (8 bytes).
    Removing stm32f1xx_hal_uart.o(.text.HAL_UART_TxHalfCpltCallback), (2 bytes).
    Removing stm32f1xx_hal_uart.o(.ARM.exidx.text.HAL_UART_TxHalfCpltCallback), (8 bytes).
    Removing stm32f1xx_hal_uart.o(.text.HAL_UART_RxCpltCallback), (2 bytes).
    Removing stm32f1xx_hal_uart.o(.ARM.exidx.text.HAL_UART_RxCpltCallback), (8 bytes).
    Removing stm32f1xx_hal_uart.o(.text.HAL_UART_RxHalfCpltCallback), (2 bytes).
    Removing stm32f1xx_hal_uart.o(.ARM.exidx.text.HAL_UART_RxHalfCpltCallback), (8 bytes).
    Removing stm32f1xx_hal_uart.o(.text.HAL_LIN_SendBreak), (44 bytes).
    Removing stm32f1xx_hal_uart.o(.ARM.exidx.text.HAL_LIN_SendBreak), (8 bytes).
    Removing stm32f1xx_hal_uart.o(.text.HAL_MultiProcessor_EnterMuteMode), (44 bytes).
    Removing stm32f1xx_hal_uart.o(.ARM.exidx.text.HAL_MultiProcessor_EnterMuteMode), (8 bytes).
    Removing stm32f1xx_hal_uart.o(.text.HAL_MultiProcessor_ExitMuteMode), (44 bytes).
    Removing stm32f1xx_hal_uart.o(.ARM.exidx.text.HAL_MultiProcessor_ExitMuteMode), (8 bytes).
    Removing stm32f1xx_hal_uart.o(.text.HAL_HalfDuplex_EnableTransmitter), (44 bytes).
    Removing stm32f1xx_hal_uart.o(.ARM.exidx.text.HAL_HalfDuplex_EnableTransmitter), (8 bytes).
    Removing stm32f1xx_hal_uart.o(.text.HAL_HalfDuplex_EnableReceiver), (46 bytes).
    Removing stm32f1xx_hal_uart.o(.ARM.exidx.text.HAL_HalfDuplex_EnableReceiver), (8 bytes).
    Removing stm32f1xx_hal_uart.o(.text.HAL_UART_GetState), (14 bytes).
    Removing stm32f1xx_hal_uart.o(.ARM.exidx.text.HAL_UART_GetState), (8 bytes).
    Removing stm32f1xx_hal_uart.o(.text.HAL_UART_GetError), (4 bytes).
    Removing stm32f1xx_hal_uart.o(.ARM.exidx.text.HAL_UART_GetError), (8 bytes).
    Removing stm32f1xx_hal_uart.o(.text.UART_DMAReceiveCplt), (76 bytes).
    Removing stm32f1xx_hal_uart.o(.ARM.exidx.text.UART_DMAReceiveCplt), (8 bytes).
    Removing stm32f1xx_hal_uart.o(.text.UART_DMARxHalfCplt), (20 bytes).
    Removing stm32f1xx_hal_uart.o(.ARM.exidx.text.UART_DMARxHalfCplt), (8 bytes).
    Removing system_stm32f1xx.o(.text), (0 bytes).
    Removing system_stm32f1xx.o(.ARM.exidx.text.SystemInit), (8 bytes).
    Removing system_stm32f1xx.o(.text.SystemCoreClockUpdate), (112 bytes).
    Removing system_stm32f1xx.o(.ARM.exidx.text.SystemCoreClockUpdate), (8 bytes).
    Removing fdiv.o(.text), (124 bytes).
    Removing fcmple.o(.text), (28 bytes).
    Removing ffltui.o(.text), (10 bytes).
    Removing ffixi.o(.text), (50 bytes).
    Removing ffixui.o(.text), (40 bytes).

932 unused section(s) (total 59672 bytes) removed from the image.

==============================================================================

Image Symbol Table

    Local Symbols

    Symbol Name                              Value     Ov Type        Size  Object(Section)

    ../clib/microlib/errno.c                 0x00000000   Number         0  errno.o ABSOLUTE
    ../clib/microlib/init/entry.s            0x00000000   Number         0  entry.o ABSOLUTE
    ../clib/microlib/init/entry.s            0x00000000   Number         0  entry2.o ABSOLUTE
    ../clib/microlib/init/entry.s            0x00000000   Number         0  entry5.o ABSOLUTE
    ../clib/microlib/init/entry.s            0x00000000   Number         0  entry7a.o ABSOLUTE
    ../clib/microlib/init/entry.s            0x00000000   Number         0  entry7b.o ABSOLUTE
    ../clib/microlib/init/entry.s            0x00000000   Number         0  entry8a.o ABSOLUTE
    ../clib/microlib/init/entry.s            0x00000000   Number         0  entry8b.o ABSOLUTE
    ../clib/microlib/init/entry.s            0x00000000   Number         0  entry9a.o ABSOLUTE
    ../clib/microlib/init/entry.s            0x00000000   Number         0  entry9b.o ABSOLUTE
    ../clib/microlib/init/entry.s            0x00000000   Number         0  entry10a.o ABSOLUTE
    ../clib/microlib/init/entry.s            0x00000000   Number         0  entry10b.o ABSOLUTE
    ../clib/microlib/init/entry.s            0x00000000   Number         0  entry11a.o ABSOLUTE
    ../clib/microlib/init/entry.s            0x00000000   Number         0  entry11b.o ABSOLUTE
    ../clib/microlib/longlong.c              0x00000000   Number         0  llshl.o ABSOLUTE
    ../clib/microlib/longlong.c              0x00000000   Number         0  llushr.o ABSOLUTE
    ../clib/microlib/longlong.c              0x00000000   Number         0  llsshr.o ABSOLUTE
    ../clib/microlib/string/memset.c         0x00000000   Number         0  memseta.o ABSOLUTE
    ../clib/microlib/stubs.s                 0x00000000   Number         0  iusefp.o ABSOLUTE
    ../fplib/microlib/d2f.c                  0x00000000   Number         0  d2f.o ABSOLUTE
    ../fplib/microlib/f2d.c                  0x00000000   Number         0  f2d.o ABSOLUTE
    ../fplib/microlib/fpadd.c                0x00000000   Number         0  fadd.o ABSOLUTE
    ../fplib/microlib/fpadd.c                0x00000000   Number         0  dadd.o ABSOLUTE
    ../fplib/microlib/fpcmp.c                0x00000000   Number         0  fcmple.o ABSOLUTE
    ../fplib/microlib/fpcmp.c                0x00000000   Number         0  fcmplt.o ABSOLUTE
    ../fplib/microlib/fpcmp.c                0x00000000   Number         0  fcmpgt.o ABSOLUTE
    ../fplib/microlib/fpcmp.c                0x00000000   Number         0  dcmplt.o ABSOLUTE
    ../fplib/microlib/fpcmp.c                0x00000000   Number         0  dcmpgt.o ABSOLUTE
    ../fplib/microlib/fpcmp4.c               0x00000000   Number         0  fcmp4.o ABSOLUTE
    ../fplib/microlib/fpdiv.c                0x00000000   Number         0  fdiv.o ABSOLUTE
    ../fplib/microlib/fpdiv.c                0x00000000   Number         0  ddiv.o ABSOLUTE
    ../fplib/microlib/fpepilogue.c           0x00000000   Number         0  fepilogue.o ABSOLUTE
    ../fplib/microlib/fpepilogue.c           0x00000000   Number         0  depilogue.o ABSOLUTE
    ../fplib/microlib/fpfix.c                0x00000000   Number         0  ffixi.o ABSOLUTE
    ../fplib/microlib/fpfix.c                0x00000000   Number         0  ffixui.o ABSOLUTE
    ../fplib/microlib/fpfix.c                0x00000000   Number         0  dfixi.o ABSOLUTE
    ../fplib/microlib/fpflt.c                0x00000000   Number         0  fflti.o ABSOLUTE
    ../fplib/microlib/fpflt.c                0x00000000   Number         0  ffltui.o ABSOLUTE
    ../fplib/microlib/fpflt.c                0x00000000   Number         0  dflti.o ABSOLUTE
    ../fplib/microlib/fpflt.c                0x00000000   Number         0  dfltui.o ABSOLUTE
    ../fplib/microlib/fpmul.c                0x00000000   Number         0  fmul.o ABSOLUTE
    ../fplib/microlib/fpmul.c                0x00000000   Number         0  dmul.o ABSOLUTE
    ../fplib/microlib/fprem.c                0x00000000   Number         0  drem.o ABSOLUTE
    ../fplib/microlib/fpscalb.c              0x00000000   Number         0  dscalb.o ABSOLUTE
    ../mathlib/cos.c                         0x00000000   Number         0  cos.o ABSOLUTE
    ../mathlib/cos_i.c                       0x00000000   Number         0  cos_i.o ABSOLUTE
    ../mathlib/dunder.c                      0x00000000   Number         0  dunder.o ABSOLUTE
    ../mathlib/fmax.c                        0x00000000   Number         0  fmaxf.o ABSOLUTE
    ../mathlib/fmod.c                        0x00000000   Number         0  fmod.o ABSOLUTE
    ../mathlib/fpclassify.c                  0x00000000   Number         0  fpclassify.o ABSOLUTE
    ../mathlib/poly.c                        0x00000000   Number         0  poly.o ABSOLUTE
    ../mathlib/rred.c                        0x00000000   Number         0  rred.o ABSOLUTE
    ../mathlib/sin.c                         0x00000000   Number         0  sin.o ABSOLUTE
    ../mathlib/sin_i.c                       0x00000000   Number         0  sin_i.o ABSOLUTE
    As5600_Encoder.c                         0x00000000   Number         0  as5600_encoder.o ABSOLUTE
    DengFoc.c                                0x00000000   Number         0  dengfoc.o ABSOLUTE
    adc.c                                    0x00000000   Number         0  adc.o ABSOLUTE
    current.c                                0x00000000   Number         0  current.o ABSOLUTE
    dc.s                                     0x00000000   Number         0  dc.o ABSOLUTE
    gpio.c                                   0x00000000   Number         0  gpio.o ABSOLUTE
    handlers.s                               0x00000000   Number         0  handlers.o ABSOLUTE
    i2c.c                                    0x00000000   Number         0  i2c.o ABSOLUTE
    init.s                                   0x00000000   Number         0  init.o ABSOLUTE
    main.c                                   0x00000000   Number         0  main.o ABSOLUTE
    startup_stm32f103xb.s                    0x00000000   Number         0  startup_stm32f103xb.o ABSOLUTE
    stm32f1xx_hal.c                          0x00000000   Number         0  stm32f1xx_hal.o ABSOLUTE
    stm32f1xx_hal_adc.c                      0x00000000   Number         0  stm32f1xx_hal_adc.o ABSOLUTE
    stm32f1xx_hal_adc_ex.c                   0x00000000   Number         0  stm32f1xx_hal_adc_ex.o ABSOLUTE
    stm32f1xx_hal_cortex.c                   0x00000000   Number         0  stm32f1xx_hal_cortex.o ABSOLUTE
    stm32f1xx_hal_dma.c                      0x00000000   Number         0  stm32f1xx_hal_dma.o ABSOLUTE
    stm32f1xx_hal_exti.c                     0x00000000   Number         0  stm32f1xx_hal_exti.o ABSOLUTE
    stm32f1xx_hal_flash.c                    0x00000000   Number         0  stm32f1xx_hal_flash.o ABSOLUTE
    stm32f1xx_hal_flash_ex.c                 0x00000000   Number         0  stm32f1xx_hal_flash_ex.o ABSOLUTE
    stm32f1xx_hal_gpio.c                     0x00000000   Number         0  stm32f1xx_hal_gpio.o ABSOLUTE
    stm32f1xx_hal_gpio_ex.c                  0x00000000   Number         0  stm32f1xx_hal_gpio_ex.o ABSOLUTE
    stm32f1xx_hal_i2c.c                      0x00000000   Number         0  stm32f1xx_hal_i2c.o ABSOLUTE
    stm32f1xx_hal_msp.c                      0x00000000   Number         0  stm32f1xx_hal_msp.o ABSOLUTE
    stm32f1xx_hal_pwr.c                      0x00000000   Number         0  stm32f1xx_hal_pwr.o ABSOLUTE
    stm32f1xx_hal_rcc.c                      0x00000000   Number         0  stm32f1xx_hal_rcc.o ABSOLUTE
    stm32f1xx_hal_rcc_ex.c                   0x00000000   Number         0  stm32f1xx_hal_rcc_ex.o ABSOLUTE
    stm32f1xx_hal_tim.c                      0x00000000   Number         0  stm32f1xx_hal_tim.o ABSOLUTE
    stm32f1xx_hal_tim_ex.c                   0x00000000   Number         0  stm32f1xx_hal_tim_ex.o ABSOLUTE
    stm32f1xx_hal_uart.c                     0x00000000   Number         0  stm32f1xx_hal_uart.o ABSOLUTE
    stm32f1xx_it.c                           0x00000000   Number         0  stm32f1xx_it.o ABSOLUTE
    system_stm32f1xx.c                       0x00000000   Number         0  system_stm32f1xx.o ABSOLUTE
    tim.c                                    0x00000000   Number         0  tim.o ABSOLUTE
    usart.c                                  0x00000000   Number         0  usart.o ABSOLUTE
    RESET                                    0x08000000   Section      236  startup_stm32f103xb.o(RESET)
    .ARM.Collect$$$$00000000                 0x080000ec   Section        0  entry.o(.ARM.Collect$$$$00000000)
    .ARM.Collect$$$$00000001                 0x080000ec   Section        4  entry2.o(.ARM.Collect$$$$00000001)
    .ARM.Collect$$$$00000004                 0x080000f0   Section        4  entry5.o(.ARM.Collect$$$$00000004)
    .ARM.Collect$$$$00000008                 0x080000f4   Section        0  entry7b.o(.ARM.Collect$$$$00000008)
    .ARM.Collect$$$$0000000A                 0x080000f4   Section        0  entry8b.o(.ARM.Collect$$$$0000000A)
    .ARM.Collect$$$$0000000B                 0x080000f4   Section        8  entry9a.o(.ARM.Collect$$$$0000000B)
    __lit__00000000                          0x080000fc   Data           4  entry2.o(.ARM.Collect$$$$00002712)
    .ARM.Collect$$$$0000000D                 0x080000fc   Section        0  entry10a.o(.ARM.Collect$$$$0000000D)
    .ARM.Collect$$$$0000000F                 0x080000fc   Section        0  entry11a.o(.ARM.Collect$$$$0000000F)
    .ARM.Collect$$$$00002712                 0x080000fc   Section        4  entry2.o(.ARM.Collect$$$$00002712)
    .text                                    0x08000100   Section       36  startup_stm32f103xb.o(.text)
    .text                                    0x08000124   Section        0  fadd.o(.text)
    .text                                    0x080001d4   Section        0  fmul.o(.text)
    .text                                    0x08000238   Section        0  dadd.o(.text)
    .text                                    0x08000386   Section        0  dmul.o(.text)
    .text                                    0x0800046a   Section        0  ddiv.o(.text)
    .text                                    0x08000548   Section        0  fcmplt.o(.text)
    .text                                    0x08000564   Section        0  fcmpgt.o(.text)
    .text                                    0x08000580   Section        0  dcmplt.o(.text)
    .text                                    0x080005b6   Section        0  dcmpgt.o(.text)
    .text                                    0x080005ec   Section        0  fflti.o(.text)
    .text                                    0x080005fe   Section        0  dflti.o(.text)
    .text                                    0x08000620   Section        0  dfltui.o(.text)
    .text                                    0x0800063a   Section        0  dfixi.o(.text)
    .text                                    0x08000678   Section        0  f2d.o(.text)
    .text                                    0x0800069e   Section        0  d2f.o(.text)
    .text                                    0x080006d6   Section        0  llshl.o(.text)
    .text                                    0x080006f4   Section        0  llushr.o(.text)
    .text                                    0x08000714   Section        0  llsshr.o(.text)
    .text                                    0x08000738   Section        0  iusefp.o(.text)
    .text                                    0x08000738   Section        0  fepilogue.o(.text)
    .text                                    0x080007a6   Section        0  depilogue.o(.text)
    .text                                    0x08000860   Section        0  drem.o(.text)
    .text                                    0x080008e6   Section        0  fcmp4.o(.text)
    .text                                    0x0800091c   Section       36  init.o(.text)
    .text                                    0x08000940   Section        0  dscalb.o(.text)
    [Anonymous Symbol]                       0x08000970   Section        0  stm32f1xx_hal_adc.o(.text.ADC_ConversionStop_Disable)
    [Anonymous Symbol]                       0x080009c4   Section        0  stm32f1xx_hal_adc.o(.text.ADC_Enable)
    [Anonymous Symbol]                       0x08000a7c   Section        0  stm32f1xx_it.o(.text.BusFault_Handler)
    [Anonymous Symbol]                       0x08000a80   Section        0  stm32f1xx_it.o(.text.DebugMon_Handler)
    [Anonymous Symbol]                       0x08000a84   Section        0  main.o(.text.Error_Handler)
    [Anonymous Symbol]                       0x08000a90   Section        0  stm32f1xx_hal_adc_ex.o(.text.HAL_ADCEx_Calibration_Start)
    [Anonymous Symbol]                       0x08000ba4   Section        0  stm32f1xx_hal_adc_ex.o(.text.HAL_ADCEx_InjectedConfigChannel)
    [Anonymous Symbol]                       0x08000dd8   Section        0  stm32f1xx_hal_adc_ex.o(.text.HAL_ADCEx_InjectedStart)
    [Anonymous Symbol]                       0x08000e88   Section        0  stm32f1xx_hal_adc.o(.text.HAL_ADC_Init)
    [Anonymous Symbol]                       0x08000fe4   Section        0  adc.o(.text.HAL_ADC_MspInit)
    [Anonymous Symbol]                       0x08001048   Section        0  stm32f1xx_hal_dma.o(.text.HAL_DMA_Abort)
    [Anonymous Symbol]                       0x08001090   Section        0  stm32f1xx_hal_dma.o(.text.HAL_DMA_Abort_IT)
    [Anonymous Symbol]                       0x0800113c   Section        0  stm32f1xx_hal.o(.text.HAL_Delay)
    [Anonymous Symbol]                       0x08001164   Section        0  stm32f1xx_hal_gpio.o(.text.HAL_GPIO_Init)
    [Anonymous Symbol]                       0x08001378   Section        0  stm32f1xx_hal_gpio.o(.text.HAL_GPIO_WritePin)
    [Anonymous Symbol]                       0x08001384   Section        0  stm32f1xx_hal.o(.text.HAL_GetTick)
    [Anonymous Symbol]                       0x08001390   Section        0  stm32f1xx_hal_i2c.o(.text.HAL_I2C_Init)
    [Anonymous Symbol]                       0x08001508   Section        0  stm32f1xx_hal_i2c.o(.text.HAL_I2C_Mem_Read)
    [Anonymous Symbol]                       0x08001940   Section        0  i2c.o(.text.HAL_I2C_MspInit)
    [Anonymous Symbol]                       0x080019bc   Section        0  stm32f1xx_hal.o(.text.HAL_IncTick)
    [Anonymous Symbol]                       0x080019d8   Section        0  stm32f1xx_hal.o(.text.HAL_Init)
    [Anonymous Symbol]                       0x08001a00   Section        0  stm32f1xx_hal.o(.text.HAL_InitTick)
    [Anonymous Symbol]                       0x08001a48   Section        0  stm32f1xx_hal_msp.o(.text.HAL_MspInit)
    [Anonymous Symbol]                       0x08001a8c   Section        0  stm32f1xx_hal_cortex.o(.text.HAL_NVIC_EnableIRQ)
    [Anonymous Symbol]                       0x08001aac   Section        0  stm32f1xx_hal_cortex.o(.text.HAL_NVIC_SetPriority)
    [Anonymous Symbol]                       0x08001b04   Section        0  stm32f1xx_hal_cortex.o(.text.HAL_NVIC_SetPriorityGrouping)
    [Anonymous Symbol]                       0x08001b24   Section        0  stm32f1xx_hal_rcc_ex.o(.text.HAL_RCCEx_GetPeriphCLKFreq)
    [Anonymous Symbol]                       0x08001c14   Section        0  stm32f1xx_hal_rcc_ex.o(.text.HAL_RCCEx_PeriphCLKConfig)
    [Anonymous Symbol]                       0x08001d20   Section        0  stm32f1xx_hal_rcc.o(.text.HAL_RCC_ClockConfig)
    [Anonymous Symbol]                       0x08001ee0   Section        0  stm32f1xx_hal_rcc.o(.text.HAL_RCC_GetPCLK1Freq)
    [Anonymous Symbol]                       0x08001f08   Section        0  stm32f1xx_hal_rcc.o(.text.HAL_RCC_GetPCLK2Freq)
    [Anonymous Symbol]                       0x08001f30   Section        0  stm32f1xx_hal_rcc.o(.text.HAL_RCC_OscConfig)
    [Anonymous Symbol]                       0x080022e4   Section        0  stm32f1xx_hal_cortex.o(.text.HAL_SYSTICK_Config)
    [Anonymous Symbol]                       0x08002310   Section        0  stm32f1xx_hal_tim_ex.o(.text.HAL_TIMEx_ConfigBreakDeadTime)
    [Anonymous Symbol]                       0x0800235c   Section        0  stm32f1xx_hal_tim_ex.o(.text.HAL_TIMEx_MasterConfigSynchronization)
    [Anonymous Symbol]                       0x080023d8   Section        0  stm32f1xx_hal_tim.o(.text.HAL_TIM_Base_Init)
    [Anonymous Symbol]                       0x080024c4   Section        0  tim.o(.text.HAL_TIM_Base_MspInit)
    [Anonymous Symbol]                       0x080024f8   Section        0  stm32f1xx_hal_tim.o(.text.HAL_TIM_Base_Start_IT)
    [Anonymous Symbol]                       0x08002568   Section        0  stm32f1xx_hal_tim.o(.text.HAL_TIM_ConfigClockSource)
    [Anonymous Symbol]                       0x080026fc   Section        0  stm32f1xx_hal_tim.o(.text.HAL_TIM_PWM_ConfigChannel)
    [Anonymous Symbol]                       0x080028f0   Section        0  stm32f1xx_hal_tim.o(.text.HAL_TIM_PWM_Init)
    [Anonymous Symbol]                       0x080029dc   Section        0  stm32f1xx_hal_tim.o(.text.HAL_TIM_PWM_MspInit)
    [Anonymous Symbol]                       0x080029e0   Section        0  stm32f1xx_hal_tim.o(.text.HAL_TIM_PWM_Start)
    [Anonymous Symbol]                       0x08002ac0   Section        0  stm32f1xx_hal_uart.o(.text.HAL_UARTEx_RxEventCallback)
    [Anonymous Symbol]                       0x08002ac4   Section        0  stm32f1xx_hal_uart.o(.text.HAL_UART_ErrorCallback)
    [Anonymous Symbol]                       0x08002ac8   Section        0  stm32f1xx_hal_uart.o(.text.HAL_UART_IRQHandler)
    [Anonymous Symbol]                       0x08002d34   Section        0  stm32f1xx_hal_uart.o(.text.HAL_UART_Init)
    [Anonymous Symbol]                       0x08002e10   Section        0  usart.o(.text.HAL_UART_MspInit)
    [Anonymous Symbol]                       0x08002e9c   Section        0  stm32f1xx_hal_uart.o(.text.HAL_UART_Receive_IT)
    [Anonymous Symbol]                       0x08002ef4   Section        0  stm32f1xx_it.o(.text.HAL_UART_RxCpltCallback)
    [Anonymous Symbol]                       0x08002f34   Section        0  stm32f1xx_hal_uart.o(.text.HAL_UART_Transmit)
    [Anonymous Symbol]                       0x080030e4   Section        0  stm32f1xx_hal_uart.o(.text.HAL_UART_TxCpltCallback)
    [Anonymous Symbol]                       0x080030e8   Section        0  stm32f1xx_it.o(.text.HardFault_Handler)
    I2C_RequestMemoryRead                    0x080030ed   Thumb Code   798  stm32f1xx_hal_i2c.o(.text.I2C_RequestMemoryRead)
    [Anonymous Symbol]                       0x080030ec   Section        0  stm32f1xx_hal_i2c.o(.text.I2C_RequestMemoryRead)
    I2C_WaitOnFlagUntilTimeout               0x0800340d   Thumb Code   336  stm32f1xx_hal_i2c.o(.text.I2C_WaitOnFlagUntilTimeout)
    [Anonymous Symbol]                       0x0800340c   Section        0  stm32f1xx_hal_i2c.o(.text.I2C_WaitOnFlagUntilTimeout)
    I2C_WaitOnMasterAddressFlagUntilTimeout  0x0800355d   Thumb Code   184  stm32f1xx_hal_i2c.o(.text.I2C_WaitOnMasterAddressFlagUntilTimeout)
    [Anonymous Symbol]                       0x0800355c   Section        0  stm32f1xx_hal_i2c.o(.text.I2C_WaitOnMasterAddressFlagUntilTimeout)
    [Anonymous Symbol]                       0x08003614   Section        0  dengfoc.o(.text.Location_closed_loop)
    [Anonymous Symbol]                       0x08003acc   Section        0  adc.o(.text.MX_ADC1_Init)
    [Anonymous Symbol]                       0x08003b54   Section        0  gpio.o(.text.MX_GPIO_Init)
    [Anonymous Symbol]                       0x08003bc8   Section        0  i2c.o(.text.MX_I2C1_Init)
    [Anonymous Symbol]                       0x08003c0c   Section        0  tim.o(.text.MX_TIM1_Init)
    [Anonymous Symbol]                       0x08003d9c   Section        0  usart.o(.text.MX_USART3_UART_Init)
    [Anonymous Symbol]                       0x08003dd8   Section        0  stm32f1xx_it.o(.text.MemManage_Handler)
    [Anonymous Symbol]                       0x08003ddc   Section        0  stm32f1xx_it.o(.text.NMI_Handler)
    [Anonymous Symbol]                       0x08003de0   Section        0  stm32f1xx_it.o(.text.PendSV_Handler)
    [Anonymous Symbol]                       0x08003de4   Section        0  stm32f1xx_it.o(.text.SVC_Handler)
    [Anonymous Symbol]                       0x08003de8   Section        0  stm32f1xx_it.o(.text.SysTick_Handler)
    [Anonymous Symbol]                       0x08003dec   Section        0  system_stm32f1xx.o(.text.SystemInit)
    UART_DMAAbortOnError                     0x08003df1   Thumb Code    12  stm32f1xx_hal_uart.o(.text.UART_DMAAbortOnError)
    [Anonymous Symbol]                       0x08003df0   Section        0  stm32f1xx_hal_uart.o(.text.UART_DMAAbortOnError)
    UART_Receive_IT                          0x08003dfd   Thumb Code   182  stm32f1xx_hal_uart.o(.text.UART_Receive_IT)
    [Anonymous Symbol]                       0x08003dfc   Section        0  stm32f1xx_hal_uart.o(.text.UART_Receive_IT)
    [Anonymous Symbol]                       0x08003eb4   Section        0  stm32f1xx_it.o(.text.USART3_IRQHandler)
    [Anonymous Symbol]                       0x08003ec0   Section        0  stm32f1xx_it.o(.text.UsageFault_Handler)
    [Anonymous Symbol]                       0x08003ec4   Section        0  as5600_encoder.o(.text.get_angle)
    [Anonymous Symbol]                       0x08003f18   Section        0  as5600_encoder.o(.text.get_angle_total)
    [Anonymous Symbol]                       0x08003fc0   Section        0  main.o(.text.main)
    [Anonymous Symbol]                       0x080040d0   Section        0  dengfoc.o(.text.setPhaseVoltage_SVPWM)
    i.__ARM_fpclassify                       0x08004478   Section        0  fpclassify.o(i.__ARM_fpclassify)
    i.__ieee754_rem_pio2                     0x080044a0   Section        0  rred.o(i.__ieee754_rem_pio2)
    i.__kernel_cos                           0x08004828   Section        0  cos_i.o(i.__kernel_cos)
    i.__kernel_poly                          0x08004924   Section        0  poly.o(i.__kernel_poly)
    i.__kernel_sin                           0x080049d0   Section        0  sin_i.o(i.__kernel_sin)
    i.__mathlib_dbl_infnan                   0x08004abc   Section        0  dunder.o(i.__mathlib_dbl_infnan)
    i.__mathlib_dbl_invalid                  0x08004ac2   Section        0  dunder.o(i.__mathlib_dbl_invalid)
    i.__mathlib_dbl_underflow                0x08004ad0   Section        0  dunder.o(i.__mathlib_dbl_underflow)
    i.__scatterload_copy                     0x08004ae0   Section       14  handlers.o(i.__scatterload_copy)
    i.__scatterload_null                     0x08004aee   Section        2  handlers.o(i.__scatterload_null)
    i.__scatterload_zeroinit                 0x08004af0   Section       14  handlers.o(i.__scatterload_zeroinit)
    i.__set_errno                            0x08004b00   Section        0  errno.o(i.__set_errno)
    i.cos                                    0x08004b0c   Section        0  cos.o(i.cos)
    i.fmaxf                                  0x08004ba8   Section        0  fmaxf.o(i.fmaxf)
    i.fmod                                   0x08004bd0   Section        0  fmod.o(i.fmod)
    i.sin                                    0x08004c64   Section        0  sin.o(i.sin)
    C                                        0x08004d08   Data          48  cos_i.o(.constdata)
    .constdata                               0x08004d08   Section       48  cos_i.o(.constdata)
    pio2s                                    0x08004d38   Data          48  rred.o(.constdata)
    .constdata                               0x08004d38   Section      204  rred.o(.constdata)
    twooverpi                                0x08004d68   Data         156  rred.o(.constdata)
    S                                        0x08004e08   Data          40  sin_i.o(.constdata)
    .constdata                               0x08004e08   Section       40  sin_i.o(.constdata)
    .L__const.HAL_RCC_GetSysClockFreq.aPredivFactorTable 0x08004e30   Data           2  stm32f1xx_hal_rcc.o(.rodata..L__const.HAL_RCC_GetSysClockFreq.aPredivFactorTable)
    .L__const.HAL_RCC_GetSysClockFreq.aPLLMULFactorTable 0x08004e4a   Data          16  stm32f1xx_hal_rcc.o(.rodata.cst16)
    _errno                                   0x20000000   Data           4  errno.o(.data)
    .data                                    0x20000000   Section        4  errno.o(.data)
    .L_MergedGlobals                         0x20000004   Data          12  dengfoc.o(.data..L_MergedGlobals)
    [Anonymous Symbol]                       0x20000004   Section        0  dengfoc.o(.data..L_MergedGlobals)
    .L_MergedGlobals                         0x20000010   Data           8  stm32f1xx_hal.o(.data..L_MergedGlobals)
    [Anonymous Symbol]                       0x20000010   Section        0  stm32f1xx_hal.o(.data..L_MergedGlobals)
    .L_MergedGlobals                         0x20000020   Data           8  as5600_encoder.o(.bss..L_MergedGlobals)
    [Anonymous Symbol]                       0x20000020   Section        0  as5600_encoder.o(.bss..L_MergedGlobals)
    .L_MergedGlobals.1                       0x20000028   Data          68  dengfoc.o(.bss..L_MergedGlobals.1)
    [Anonymous Symbol]                       0x20000028   Section        0  dengfoc.o(.bss..L_MergedGlobals.1)
    STACK                                    0x20000180   Section     1024  startup_stm32f103xb.o(STACK)

    Global Symbols

    Symbol Name                              Value     Ov Type        Size  Object(Section)

    BuildAttributes$$THM_ISAv4$P$D$K$B$S$PE$A:L22UL41UL21$X:L11$S22US41US21$IEEE1$IW$~IW$USESV6$~STKCKD$USESV7$~SHL$OTIME$ROPI$IEEEX$EBA8$MICROLIB$REQ8$PRES8$EABIv2 0x00000000   Number         0  anon$$obj.o ABSOLUTE
    __cpp_initialize__aeabi_                  - Undefined Weak Reference
    __cxa_finalize                            - Undefined Weak Reference
    __decompress                              - Undefined Weak Reference
    _clock_init                               - Undefined Weak Reference
    _microlib_exit                            - Undefined Weak Reference
    __Vectors_Size                           0x000000ec   Number         0  startup_stm32f103xb.o ABSOLUTE
    __Vectors                                0x08000000   Data           4  startup_stm32f103xb.o(RESET)
    __Vectors_End                            0x080000ec   Data           0  startup_stm32f103xb.o(RESET)
    __main                                   0x080000ed   Thumb Code     0  entry.o(.ARM.Collect$$$$00000000)
    _main_stk                                0x080000ed   Thumb Code     0  entry2.o(.ARM.Collect$$$$00000001)
    _main_scatterload                        0x080000f1   Thumb Code     0  entry5.o(.ARM.Collect$$$$00000004)
    __main_after_scatterload                 0x080000f5   Thumb Code     0  entry5.o(.ARM.Collect$$$$00000004)
    _main_clock                              0x080000f5   Thumb Code     0  entry7b.o(.ARM.Collect$$$$00000008)
    _main_cpp_init                           0x080000f5   Thumb Code     0  entry8b.o(.ARM.Collect$$$$0000000A)
    _main_init                               0x080000f5   Thumb Code     0  entry9a.o(.ARM.Collect$$$$0000000B)
    __rt_final_cpp                           0x080000fd   Thumb Code     0  entry10a.o(.ARM.Collect$$$$0000000D)
    __rt_final_exit                          0x080000fd   Thumb Code     0  entry11a.o(.ARM.Collect$$$$0000000F)
    Reset_Handler                            0x08000101   Thumb Code     8  startup_stm32f103xb.o(.text)
    ADC1_2_IRQHandler                        0x0800011b   Thumb Code     0  startup_stm32f103xb.o(.text)
    CAN1_RX1_IRQHandler                      0x0800011b   Thumb Code     0  startup_stm32f103xb.o(.text)
    CAN1_SCE_IRQHandler                      0x0800011b   Thumb Code     0  startup_stm32f103xb.o(.text)
    DMA1_Channel1_IRQHandler                 0x0800011b   Thumb Code     0  startup_stm32f103xb.o(.text)
    DMA1_Channel2_IRQHandler                 0x0800011b   Thumb Code     0  startup_stm32f103xb.o(.text)
    DMA1_Channel3_IRQHandler                 0x0800011b   Thumb Code     0  startup_stm32f103xb.o(.text)
    DMA1_Channel4_IRQHandler                 0x0800011b   Thumb Code     0  startup_stm32f103xb.o(.text)
    DMA1_Channel5_IRQHandler                 0x0800011b   Thumb Code     0  startup_stm32f103xb.o(.text)
    DMA1_Channel6_IRQHandler                 0x0800011b   Thumb Code     0  startup_stm32f103xb.o(.text)
    DMA1_Channel7_IRQHandler                 0x0800011b   Thumb Code     0  startup_stm32f103xb.o(.text)
    EXTI0_IRQHandler                         0x0800011b   Thumb Code     0  startup_stm32f103xb.o(.text)
    EXTI15_10_IRQHandler                     0x0800011b   Thumb Code     0  startup_stm32f103xb.o(.text)
    EXTI1_IRQHandler                         0x0800011b   Thumb Code     0  startup_stm32f103xb.o(.text)
    EXTI2_IRQHandler                         0x0800011b   Thumb Code     0  startup_stm32f103xb.o(.text)
    EXTI3_IRQHandler                         0x0800011b   Thumb Code     0  startup_stm32f103xb.o(.text)
    EXTI4_IRQHandler                         0x0800011b   Thumb Code     0  startup_stm32f103xb.o(.text)
    EXTI9_5_IRQHandler                       0x0800011b   Thumb Code     0  startup_stm32f103xb.o(.text)
    FLASH_IRQHandler                         0x0800011b   Thumb Code     0  startup_stm32f103xb.o(.text)
    I2C1_ER_IRQHandler                       0x0800011b   Thumb Code     0  startup_stm32f103xb.o(.text)
    I2C1_EV_IRQHandler                       0x0800011b   Thumb Code     0  startup_stm32f103xb.o(.text)
    I2C2_ER_IRQHandler                       0x0800011b   Thumb Code     0  startup_stm32f103xb.o(.text)
    I2C2_EV_IRQHandler                       0x0800011b   Thumb Code     0  startup_stm32f103xb.o(.text)
    PVD_IRQHandler                           0x0800011b   Thumb Code     0  startup_stm32f103xb.o(.text)
    RCC_IRQHandler                           0x0800011b   Thumb Code     0  startup_stm32f103xb.o(.text)
    RTC_Alarm_IRQHandler                     0x0800011b   Thumb Code     0  startup_stm32f103xb.o(.text)
    RTC_IRQHandler                           0x0800011b   Thumb Code     0  startup_stm32f103xb.o(.text)
    SPI1_IRQHandler                          0x0800011b   Thumb Code     0  startup_stm32f103xb.o(.text)
    SPI2_IRQHandler                          0x0800011b   Thumb Code     0  startup_stm32f103xb.o(.text)
    TAMPER_IRQHandler                        0x0800011b   Thumb Code     0  startup_stm32f103xb.o(.text)
    TIM1_BRK_IRQHandler                      0x0800011b   Thumb Code     0  startup_stm32f103xb.o(.text)
    TIM1_CC_IRQHandler                       0x0800011b   Thumb Code     0  startup_stm32f103xb.o(.text)
    TIM1_TRG_COM_IRQHandler                  0x0800011b   Thumb Code     0  startup_stm32f103xb.o(.text)
    TIM1_UP_IRQHandler                       0x0800011b   Thumb Code     0  startup_stm32f103xb.o(.text)
    TIM2_IRQHandler                          0x0800011b   Thumb Code     0  startup_stm32f103xb.o(.text)
    TIM3_IRQHandler                          0x0800011b   Thumb Code     0  startup_stm32f103xb.o(.text)
    TIM4_IRQHandler                          0x0800011b   Thumb Code     0  startup_stm32f103xb.o(.text)
    USART1_IRQHandler                        0x0800011b   Thumb Code     0  startup_stm32f103xb.o(.text)
    USART2_IRQHandler                        0x0800011b   Thumb Code     0  startup_stm32f103xb.o(.text)
    USBWakeUp_IRQHandler                     0x0800011b   Thumb Code     0  startup_stm32f103xb.o(.text)
    USB_HP_CAN1_TX_IRQHandler                0x0800011b   Thumb Code     0  startup_stm32f103xb.o(.text)
    USB_LP_CAN1_RX0_IRQHandler               0x0800011b   Thumb Code     0  startup_stm32f103xb.o(.text)
    WWDG_IRQHandler                          0x0800011b   Thumb Code     0  startup_stm32f103xb.o(.text)
    __aeabi_fadd                             0x08000125   Thumb Code   164  fadd.o(.text)
    __aeabi_fsub                             0x080001c9   Thumb Code     6  fadd.o(.text)
    __aeabi_frsub                            0x080001cf   Thumb Code     6  fadd.o(.text)
    __aeabi_fmul                             0x080001d5   Thumb Code   100  fmul.o(.text)
    __aeabi_dadd                             0x08000239   Thumb Code   322  dadd.o(.text)
    __aeabi_dsub                             0x0800037b   Thumb Code     6  dadd.o(.text)
    __aeabi_drsub                            0x08000381   Thumb Code     6  dadd.o(.text)
    __aeabi_dmul                             0x08000387   Thumb Code   228  dmul.o(.text)
    __aeabi_ddiv                             0x0800046b   Thumb Code   222  ddiv.o(.text)
    __aeabi_fcmplt                           0x08000549   Thumb Code    28  fcmplt.o(.text)
    __aeabi_fcmpgt                           0x08000565   Thumb Code    28  fcmpgt.o(.text)
    __aeabi_dcmplt                           0x08000581   Thumb Code    54  dcmplt.o(.text)
    __aeabi_dcmpgt                           0x080005b7   Thumb Code    54  dcmpgt.o(.text)
    __aeabi_i2f                              0x080005ed   Thumb Code    18  fflti.o(.text)
    __aeabi_i2d                              0x080005ff   Thumb Code    34  dflti.o(.text)
    __aeabi_ui2d                             0x08000621   Thumb Code    26  dfltui.o(.text)
    __aeabi_d2iz                             0x0800063b   Thumb Code    62  dfixi.o(.text)
    __aeabi_f2d                              0x08000679   Thumb Code    38  f2d.o(.text)
    __aeabi_d2f                              0x0800069f   Thumb Code    56  d2f.o(.text)
    __aeabi_llsl                             0x080006d7   Thumb Code    30  llshl.o(.text)
    _ll_shift_l                              0x080006d7   Thumb Code     0  llshl.o(.text)
    __aeabi_llsr                             0x080006f5   Thumb Code    32  llushr.o(.text)
    _ll_ushift_r                             0x080006f5   Thumb Code     0  llushr.o(.text)
    __aeabi_lasr                             0x08000715   Thumb Code    36  llsshr.o(.text)
    _ll_sshift_r                             0x08000715   Thumb Code     0  llsshr.o(.text)
    __I$use$fp                               0x08000739   Thumb Code     0  iusefp.o(.text)
    _float_round                             0x08000739   Thumb Code    18  fepilogue.o(.text)
    _float_epilogue                          0x0800074b   Thumb Code    92  fepilogue.o(.text)
    _double_round                            0x080007a7   Thumb Code    30  depilogue.o(.text)
    _double_epilogue                         0x080007c5   Thumb Code   156  depilogue.o(.text)
    _drem                                    0x08000861   Thumb Code   134  drem.o(.text)
    __ARM_fcmp4                              0x080008e7   Thumb Code    54  fcmp4.o(.text)
    _fcmp4                                   0x080008e7   Thumb Code     0  fcmp4.o(.text)
    __scatterload                            0x0800091d   Thumb Code    28  init.o(.text)
    __scatterload_rt2                        0x0800091d   Thumb Code     0  init.o(.text)
    __ARM_scalbn                             0x08000941   Thumb Code    46  dscalb.o(.text)
    scalbn                                   0x08000941   Thumb Code     0  dscalb.o(.text)
    ADC_ConversionStop_Disable               0x08000971   Thumb Code    84  stm32f1xx_hal_adc.o(.text.ADC_ConversionStop_Disable)
    ADC_Enable                               0x080009c5   Thumb Code   182  stm32f1xx_hal_adc.o(.text.ADC_Enable)
    BusFault_Handler                         0x08000a7d   Thumb Code     2  stm32f1xx_it.o(.text.BusFault_Handler)
    DebugMon_Handler                         0x08000a81   Thumb Code     2  stm32f1xx_it.o(.text.DebugMon_Handler)
    Error_Handler                            0x08000a85   Thumb Code    10  main.o(.text.Error_Handler)
    HAL_ADCEx_Calibration_Start              0x08000a91   Thumb Code   276  stm32f1xx_hal_adc_ex.o(.text.HAL_ADCEx_Calibration_Start)
    HAL_ADCEx_InjectedConfigChannel          0x08000ba5   Thumb Code   564  stm32f1xx_hal_adc_ex.o(.text.HAL_ADCEx_InjectedConfigChannel)
    HAL_ADCEx_InjectedStart                  0x08000dd9   Thumb Code   176  stm32f1xx_hal_adc_ex.o(.text.HAL_ADCEx_InjectedStart)
    HAL_ADC_Init                             0x08000e89   Thumb Code   348  stm32f1xx_hal_adc.o(.text.HAL_ADC_Init)
    HAL_ADC_MspInit                          0x08000fe5   Thumb Code    98  adc.o(.text.HAL_ADC_MspInit)
    HAL_DMA_Abort                            0x08001049   Thumb Code    70  stm32f1xx_hal_dma.o(.text.HAL_DMA_Abort)
    HAL_DMA_Abort_IT                         0x08001091   Thumb Code   170  stm32f1xx_hal_dma.o(.text.HAL_DMA_Abort_IT)
    HAL_Delay                                0x0800113d   Thumb Code    40  stm32f1xx_hal.o(.text.HAL_Delay)
    HAL_GPIO_Init                            0x08001165   Thumb Code   530  stm32f1xx_hal_gpio.o(.text.HAL_GPIO_Init)
    HAL_GPIO_WritePin                        0x08001379   Thumb Code    10  stm32f1xx_hal_gpio.o(.text.HAL_GPIO_WritePin)
    HAL_GetTick                              0x08001385   Thumb Code    12  stm32f1xx_hal.o(.text.HAL_GetTick)
    HAL_I2C_Init                             0x08001391   Thumb Code   374  stm32f1xx_hal_i2c.o(.text.HAL_I2C_Init)
    HAL_I2C_Mem_Read                         0x08001509   Thumb Code  1078  stm32f1xx_hal_i2c.o(.text.HAL_I2C_Mem_Read)
    HAL_I2C_MspInit                          0x08001941   Thumb Code   122  i2c.o(.text.HAL_I2C_MspInit)
    HAL_IncTick                              0x080019bd   Thumb Code    26  stm32f1xx_hal.o(.text.HAL_IncTick)
    HAL_Init                                 0x080019d9   Thumb Code    38  stm32f1xx_hal.o(.text.HAL_Init)
    HAL_InitTick                             0x08001a01   Thumb Code    72  stm32f1xx_hal.o(.text.HAL_InitTick)
    HAL_MspInit                              0x08001a49   Thumb Code    66  stm32f1xx_hal_msp.o(.text.HAL_MspInit)
    HAL_NVIC_EnableIRQ                       0x08001a8d   Thumb Code    32  stm32f1xx_hal_cortex.o(.text.HAL_NVIC_EnableIRQ)
    HAL_NVIC_SetPriority                     0x08001aad   Thumb Code    86  stm32f1xx_hal_cortex.o(.text.HAL_NVIC_SetPriority)
    HAL_NVIC_SetPriorityGrouping             0x08001b05   Thumb Code    32  stm32f1xx_hal_cortex.o(.text.HAL_NVIC_SetPriorityGrouping)
    HAL_RCCEx_GetPeriphCLKFreq               0x08001b25   Thumb Code   220  stm32f1xx_hal_rcc_ex.o(.text.HAL_RCCEx_GetPeriphCLKFreq)
    HAL_RCCEx_PeriphCLKConfig                0x08001c15   Thumb Code   266  stm32f1xx_hal_rcc_ex.o(.text.HAL_RCCEx_PeriphCLKConfig)
    HAL_RCC_ClockConfig                      0x08001d21   Thumb Code   446  stm32f1xx_hal_rcc.o(.text.HAL_RCC_ClockConfig)
    HAL_RCC_GetPCLK1Freq                     0x08001ee1   Thumb Code    38  stm32f1xx_hal_rcc.o(.text.HAL_RCC_GetPCLK1Freq)
    HAL_RCC_GetPCLK2Freq                     0x08001f09   Thumb Code    38  stm32f1xx_hal_rcc.o(.text.HAL_RCC_GetPCLK2Freq)
    HAL_RCC_OscConfig                        0x08001f31   Thumb Code   948  stm32f1xx_hal_rcc.o(.text.HAL_RCC_OscConfig)
    HAL_SYSTICK_Config                       0x080022e5   Thumb Code    44  stm32f1xx_hal_cortex.o(.text.HAL_SYSTICK_Config)
    HAL_TIMEx_ConfigBreakDeadTime            0x08002311   Thumb Code    76  stm32f1xx_hal_tim_ex.o(.text.HAL_TIMEx_ConfigBreakDeadTime)
    HAL_TIMEx_MasterConfigSynchronization    0x0800235d   Thumb Code   122  stm32f1xx_hal_tim_ex.o(.text.HAL_TIMEx_MasterConfigSynchronization)
    HAL_TIM_Base_Init                        0x080023d9   Thumb Code   236  stm32f1xx_hal_tim.o(.text.HAL_TIM_Base_Init)
    HAL_TIM_Base_MspInit                     0x080024c5   Thumb Code    50  tim.o(.text.HAL_TIM_Base_MspInit)
    HAL_TIM_Base_Start_IT                    0x080024f9   Thumb Code   110  stm32f1xx_hal_tim.o(.text.HAL_TIM_Base_Start_IT)
    HAL_TIM_ConfigClockSource                0x08002569   Thumb Code   402  stm32f1xx_hal_tim.o(.text.HAL_TIM_ConfigClockSource)
    HAL_TIM_PWM_ConfigChannel                0x080026fd   Thumb Code   498  stm32f1xx_hal_tim.o(.text.HAL_TIM_PWM_ConfigChannel)
    HAL_TIM_PWM_Init                         0x080028f1   Thumb Code   236  stm32f1xx_hal_tim.o(.text.HAL_TIM_PWM_Init)
    HAL_TIM_PWM_MspInit                      0x080029dd   Thumb Code     2  stm32f1xx_hal_tim.o(.text.HAL_TIM_PWM_MspInit)
    HAL_TIM_PWM_Start                        0x080029e1   Thumb Code   222  stm32f1xx_hal_tim.o(.text.HAL_TIM_PWM_Start)
    HAL_UARTEx_RxEventCallback               0x08002ac1   Thumb Code     2  stm32f1xx_hal_uart.o(.text.HAL_UARTEx_RxEventCallback)
    HAL_UART_ErrorCallback                   0x08002ac5   Thumb Code     2  stm32f1xx_hal_uart.o(.text.HAL_UART_ErrorCallback)
    HAL_UART_IRQHandler                      0x08002ac9   Thumb Code   620  stm32f1xx_hal_uart.o(.text.HAL_UART_IRQHandler)
    HAL_UART_Init                            0x08002d35   Thumb Code   220  stm32f1xx_hal_uart.o(.text.HAL_UART_Init)
    HAL_UART_MspInit                         0x08002e11   Thumb Code   138  usart.o(.text.HAL_UART_MspInit)
    HAL_UART_Receive_IT                      0x08002e9d   Thumb Code    86  stm32f1xx_hal_uart.o(.text.HAL_UART_Receive_IT)
    HAL_UART_RxCpltCallback                  0x08002ef5   Thumb Code    64  stm32f1xx_it.o(.text.HAL_UART_RxCpltCallback)
    HAL_UART_Transmit                        0x08002f35   Thumb Code   432  stm32f1xx_hal_uart.o(.text.HAL_UART_Transmit)
    HAL_UART_TxCpltCallback                  0x080030e5   Thumb Code     2  stm32f1xx_hal_uart.o(.text.HAL_UART_TxCpltCallback)
    HardFault_Handler                        0x080030e9   Thumb Code     2  stm32f1xx_it.o(.text.HardFault_Handler)
    Location_closed_loop                     0x08003615   Thumb Code  1208  dengfoc.o(.text.Location_closed_loop)
    MX_ADC1_Init                             0x08003acd   Thumb Code   134  adc.o(.text.MX_ADC1_Init)
    MX_GPIO_Init                             0x08003b55   Thumb Code   116  gpio.o(.text.MX_GPIO_Init)
    MX_I2C1_Init                             0x08003bc9   Thumb Code    66  i2c.o(.text.MX_I2C1_Init)
    MX_TIM1_Init                             0x08003c0d   Thumb Code   400  tim.o(.text.MX_TIM1_Init)
    MX_USART3_UART_Init                      0x08003d9d   Thumb Code    60  usart.o(.text.MX_USART3_UART_Init)
    MemManage_Handler                        0x08003dd9   Thumb Code     2  stm32f1xx_it.o(.text.MemManage_Handler)
    NMI_Handler                              0x08003ddd   Thumb Code     2  stm32f1xx_it.o(.text.NMI_Handler)
    PendSV_Handler                           0x08003de1   Thumb Code     2  stm32f1xx_it.o(.text.PendSV_Handler)
    SVC_Handler                              0x08003de5   Thumb Code     2  stm32f1xx_it.o(.text.SVC_Handler)
    SysTick_Handler                          0x08003de9   Thumb Code     4  stm32f1xx_it.o(.text.SysTick_Handler)
    SystemInit                               0x08003ded   Thumb Code     2  system_stm32f1xx.o(.text.SystemInit)
    USART3_IRQHandler                        0x08003eb5   Thumb Code    12  stm32f1xx_it.o(.text.USART3_IRQHandler)
    UsageFault_Handler                       0x08003ec1   Thumb Code     2  stm32f1xx_it.o(.text.UsageFault_Handler)
    get_angle                                0x08003ec5   Thumb Code    82  as5600_encoder.o(.text.get_angle)
    get_angle_total                          0x08003f19   Thumb Code   166  as5600_encoder.o(.text.get_angle_total)
    main                                     0x08003fc1   Thumb Code   270  main.o(.text.main)
    setPhaseVoltage_SVPWM                    0x080040d1   Thumb Code   928  dengfoc.o(.text.setPhaseVoltage_SVPWM)
    __ARM_fpclassify                         0x08004479   Thumb Code    40  fpclassify.o(i.__ARM_fpclassify)
    __ieee754_rem_pio2                       0x080044a1   Thumb Code   828  rred.o(i.__ieee754_rem_pio2)
    __kernel_cos                             0x08004829   Thumb Code   230  cos_i.o(i.__kernel_cos)
    __kernel_poly                            0x08004925   Thumb Code   170  poly.o(i.__kernel_poly)
    __kernel_sin                             0x080049d1   Thumb Code   224  sin_i.o(i.__kernel_sin)
    __mathlib_dbl_infnan                     0x08004abd   Thumb Code     6  dunder.o(i.__mathlib_dbl_infnan)
    __mathlib_dbl_invalid                    0x08004ac3   Thumb Code    12  dunder.o(i.__mathlib_dbl_invalid)
    __mathlib_dbl_underflow                  0x08004ad1   Thumb Code    10  dunder.o(i.__mathlib_dbl_underflow)
    __scatterload_copy                       0x08004ae1   Thumb Code    14  handlers.o(i.__scatterload_copy)
    __scatterload_null                       0x08004aef   Thumb Code     2  handlers.o(i.__scatterload_null)
    __scatterload_zeroinit                   0x08004af1   Thumb Code    14  handlers.o(i.__scatterload_zeroinit)
    __set_errno                              0x08004b01   Thumb Code     6  errno.o(i.__set_errno)
    cos                                      0x08004b0d   Thumb Code   148  cos.o(i.cos)
    fmaxf                                    0x08004ba9   Thumb Code    40  fmaxf.o(i.fmaxf)
    fmod                                     0x08004bd1   Thumb Code   144  fmod.o(i.fmod)
    sin                                      0x08004c65   Thumb Code   150  sin.o(i.sin)
    AHBPrescTable                            0x08004e32   Data          16  system_stm32f1xx.o(.rodata.AHBPrescTable)
    APBPrescTable                            0x08004e42   Data           8  system_stm32f1xx.o(.rodata.APBPrescTable)
    Region$$Table$$Base                      0x08004e5c   Number         0  anon$$obj.o(Region$$Table)
    Region$$Table$$Limit                     0x08004e7c   Number         0  anon$$obj.o(Region$$Table)
    PP                                       0x20000004   Data           4  dengfoc.o(.data..L_MergedGlobals)
    DIR                                      0x20000008   Data           4  dengfoc.o(.data..L_MergedGlobals)
    motor_target                             0x2000000c   Data           4  dengfoc.o(.data..L_MergedGlobals)
    uwTickFreq                               0x20000010   Data           1  stm32f1xx_hal.o(.data..L_MergedGlobals)
    uwTickPrio                               0x20000014   Data           4  stm32f1xx_hal.o(.data..L_MergedGlobals)
    SystemCoreClock                          0x20000018   Data           4  system_stm32f1xx.o(.data.SystemCoreClock)
    angle_prev                               0x20000020   Data           4  as5600_encoder.o(.bss..L_MergedGlobals)
    full_rotations                           0x20000024   Data           4  as5600_encoder.o(.bss..L_MergedGlobals)
    zero_electric_angle                      0x20000028   Data           4  dengfoc.o(.bss..L_MergedGlobals.1)
    i_alpha                                  0x2000002c   Data           4  dengfoc.o(.bss..L_MergedGlobals.1)
    i_beta                                   0x20000030   Data           4  dengfoc.o(.bss..L_MergedGlobals.1)
    i_d                                      0x20000034   Data           4  dengfoc.o(.bss..L_MergedGlobals.1)
    i_q                                      0x20000038   Data           4  dengfoc.o(.bss..L_MergedGlobals.1)
    open_loop_timestamp                      0x2000003c   Data           4  dengfoc.o(.bss..L_MergedGlobals.1)
    shaft_angle                              0x20000040   Data           4  dengfoc.o(.bss..L_MergedGlobals.1)
    ADC_Value                                0x20000044   Data           4  dengfoc.o(.bss..L_MergedGlobals.1)
    error_i                                  0x20000048   Data           4  dengfoc.o(.bss..L_MergedGlobals.1)
    error_pos                                0x2000004c   Data           4  dengfoc.o(.bss..L_MergedGlobals.1)
    error_i_sum                              0x20000050   Data           4  dengfoc.o(.bss..L_MergedGlobals.1)
    error_pos_sum                            0x20000054   Data           4  dengfoc.o(.bss..L_MergedGlobals.1)
    error_id                                 0x20000058   Data           4  dengfoc.o(.bss..L_MergedGlobals.1)
    error_id_sum                             0x2000005c   Data           4  dengfoc.o(.bss..L_MergedGlobals.1)
    Sensor_Angle                             0x20000060   Data           4  dengfoc.o(.bss..L_MergedGlobals.1)
    iq_ref                                   0x20000064   Data           4  dengfoc.o(.bss..L_MergedGlobals.1)
    uq                                       0x20000068   Data           4  dengfoc.o(.bss..L_MergedGlobals.1)
    hadc1                                    0x2000006c   Data          48  adc.o(.bss.hadc1)
    hi2c1                                    0x2000009c   Data          84  i2c.o(.bss.hi2c1)
    htim1                                    0x200000f0   Data          72  tim.o(.bss.htim1)
    huart3                                   0x20000138   Data          68  usart.o(.bss.huart3)
    uwTick                                   0x2000017c   Data           4  stm32f1xx_hal.o(.bss.uwTick)
    __initial_sp                             0x20000580   Data           0  startup_stm32f103xb.o(STACK)



==============================================================================

Memory Map of the image

  Image Entry point : 0x080000ed

  Load Region LR_IROM1 (Base: 0x08000000, Size: 0x00004ea0, Max: 0x00010000, ABSOLUTE)

    Execution Region ER_IROM1 (Exec base: 0x08000000, Load base: 0x08000000, Size: 0x00004e7c, Max: 0x00010000, ABSOLUTE)

    Exec Addr    Load Addr    Size         Type   Attr      Idx    E Section Name        Object

    0x08000000   0x08000000   0x000000ec   Data   RO            3    RESET               startup_stm32f103xb.o
    0x080000ec   0x080000ec   0x00000000   Code   RO         1241  * .ARM.Collect$$$$00000000  mc_w.l(entry.o)
    0x080000ec   0x080000ec   0x00000004   Code   RO         1311    .ARM.Collect$$$$00000001  mc_w.l(entry2.o)
    0x080000f0   0x080000f0   0x00000004   Code   RO         1314    .ARM.Collect$$$$00000004  mc_w.l(entry5.o)
    0x080000f4   0x080000f4   0x00000000   Code   RO         1316    .ARM.Collect$$$$00000008  mc_w.l(entry7b.o)
    0x080000f4   0x080000f4   0x00000000   Code   RO         1318    .ARM.Collect$$$$0000000A  mc_w.l(entry8b.o)
    0x080000f4   0x080000f4   0x00000008   Code   RO         1319    .ARM.Collect$$$$0000000B  mc_w.l(entry9a.o)
    0x080000fc   0x080000fc   0x00000000   Code   RO         1321    .ARM.Collect$$$$0000000D  mc_w.l(entry10a.o)
    0x080000fc   0x080000fc   0x00000000   Code   RO         1323    .ARM.Collect$$$$0000000F  mc_w.l(entry11a.o)
    0x080000fc   0x080000fc   0x00000004   Code   RO         1312    .ARM.Collect$$$$00002712  mc_w.l(entry2.o)
    0x08000100   0x08000100   0x00000024   Code   RO            4    .text               startup_stm32f103xb.o
    0x08000124   0x08000124   0x000000b0   Code   RO         1246    .text               mf_w.l(fadd.o)
    0x080001d4   0x080001d4   0x00000064   Code   RO         1248    .text               mf_w.l(fmul.o)
    0x08000238   0x08000238   0x0000014e   Code   RO         1252    .text               mf_w.l(dadd.o)
    0x08000386   0x08000386   0x000000e4   Code   RO         1254    .text               mf_w.l(dmul.o)
    0x0800046a   0x0800046a   0x000000de   Code   RO         1256    .text               mf_w.l(ddiv.o)
    0x08000548   0x08000548   0x0000001c   Code   RO         1260    .text               mf_w.l(fcmplt.o)
    0x08000564   0x08000564   0x0000001c   Code   RO         1262    .text               mf_w.l(fcmpgt.o)
    0x08000580   0x08000580   0x00000036   Code   RO         1264    .text               mf_w.l(dcmplt.o)
    0x080005b6   0x080005b6   0x00000036   Code   RO         1266    .text               mf_w.l(dcmpgt.o)
    0x080005ec   0x080005ec   0x00000012   Code   RO         1268    .text               mf_w.l(fflti.o)
    0x080005fe   0x080005fe   0x00000022   Code   RO         1272    .text               mf_w.l(dflti.o)
    0x08000620   0x08000620   0x0000001a   Code   RO         1274    .text               mf_w.l(dfltui.o)
    0x0800063a   0x0800063a   0x0000003e   Code   RO         1280    .text               mf_w.l(dfixi.o)
    0x08000678   0x08000678   0x00000026   Code   RO         1282    .text               mf_w.l(f2d.o)
    0x0800069e   0x0800069e   0x00000038   Code   RO         1284    .text               mf_w.l(d2f.o)
    0x080006d6   0x080006d6   0x0000001e   Code   RO         1325    .text               mc_w.l(llshl.o)
    0x080006f4   0x080006f4   0x00000020   Code   RO         1327    .text               mc_w.l(llushr.o)
    0x08000714   0x08000714   0x00000024   Code   RO         1329    .text               mc_w.l(llsshr.o)
    0x08000738   0x08000738   0x00000000   Code   RO         1338    .text               mc_w.l(iusefp.o)
    0x08000738   0x08000738   0x0000006e   Code   RO         1339    .text               mf_w.l(fepilogue.o)
    0x080007a6   0x080007a6   0x000000ba   Code   RO         1341    .text               mf_w.l(depilogue.o)
    0x08000860   0x08000860   0x00000086   Code   RO         1343    .text               mf_w.l(drem.o)
    0x080008e6   0x080008e6   0x00000036   Code   RO         1345    .text               mf_w.l(fcmp4.o)
    0x0800091c   0x0800091c   0x00000024   Code   RO         1351    .text               mc_w.l(init.o)
    0x08000940   0x08000940   0x0000002e   Code   RO         1353    .text               mf_w.l(dscalb.o)
    0x0800096e   0x0800096e   0x00000002   PAD
    0x08000970   0x08000970   0x00000054   Code   RO          218    .text.ADC_ConversionStop_Disable  stm32f1xx_hal_adc.o
    0x080009c4   0x080009c4   0x000000b6   Code   RO          226    .text.ADC_Enable    stm32f1xx_hal_adc.o
    0x08000a7a   0x08000a7a   0x00000002   PAD
    0x08000a7c   0x08000a7c   0x00000002   Code   RO          165    .text.BusFault_Handler  stm32f1xx_it.o
    0x08000a7e   0x08000a7e   0x00000002   PAD
    0x08000a80   0x08000a80   0x00000002   Code   RO          171    .text.DebugMon_Handler  stm32f1xx_it.o
    0x08000a82   0x08000a82   0x00000002   PAD
    0x08000a84   0x08000a84   0x0000000a   Code   RO           69    .text.Error_Handler  main.o
    0x08000a8e   0x08000a8e   0x00000002   PAD
    0x08000a90   0x08000a90   0x00000114   Code   RO          276    .text.HAL_ADCEx_Calibration_Start  stm32f1xx_hal_adc_ex.o
    0x08000ba4   0x08000ba4   0x00000234   Code   RO          298    .text.HAL_ADCEx_InjectedConfigChannel  stm32f1xx_hal_adc_ex.o
    0x08000dd8   0x08000dd8   0x000000b0   Code   RO          278    .text.HAL_ADCEx_InjectedStart  stm32f1xx_hal_adc_ex.o
    0x08000e88   0x08000e88   0x0000015c   Code   RO          214    .text.HAL_ADC_Init  stm32f1xx_hal_adc.o
    0x08000fe4   0x08000fe4   0x00000062   Code   RO           99    .text.HAL_ADC_MspInit  adc.o
    0x08001046   0x08001046   0x00000002   PAD
    0x08001048   0x08001048   0x00000046   Code   RO          454    .text.HAL_DMA_Abort  stm32f1xx_hal_dma.o
    0x0800108e   0x0800108e   0x00000002   PAD
    0x08001090   0x08001090   0x000000aa   Code   RO          456    .text.HAL_DMA_Abort_IT  stm32f1xx_hal_dma.o
    0x0800113a   0x0800113a   0x00000002   PAD
    0x0800113c   0x0800113c   0x00000028   Code   RO          330    .text.HAL_Delay     stm32f1xx_hal.o
    0x08001164   0x08001164   0x00000212   Code   RO          422    .text.HAL_GPIO_Init  stm32f1xx_hal_gpio.o
    0x08001376   0x08001376   0x00000002   PAD
    0x08001378   0x08001378   0x0000000a   Code   RO          428    .text.HAL_GPIO_WritePin  stm32f1xx_hal_gpio.o
    0x08001382   0x08001382   0x00000002   PAD
    0x08001384   0x08001384   0x0000000c   Code   RO          322    .text.HAL_GetTick   stm32f1xx_hal.o
    0x08001390   0x08001390   0x00000176   Code   RO          643    .text.HAL_I2C_Init  stm32f1xx_hal_i2c.o
    0x08001506   0x08001506   0x00000002   PAD
    0x08001508   0x08001508   0x00000436   Code   RO          687    .text.HAL_I2C_Mem_Read  stm32f1xx_hal_i2c.o
    0x0800193e   0x0800193e   0x00000002   PAD
    0x08001940   0x08001940   0x0000007a   Code   RO          114    .text.HAL_I2C_MspInit  i2c.o
    0x080019ba   0x080019ba   0x00000002   PAD
    0x080019bc   0x080019bc   0x0000001a   Code   RO          320    .text.HAL_IncTick   stm32f1xx_hal.o
    0x080019d6   0x080019d6   0x00000002   PAD
    0x080019d8   0x080019d8   0x00000026   Code   RO          310    .text.HAL_Init      stm32f1xx_hal.o
    0x080019fe   0x080019fe   0x00000002   PAD
    0x08001a00   0x08001a00   0x00000048   Code   RO          312    .text.HAL_InitTick  stm32f1xx_hal.o
    0x08001a48   0x08001a48   0x00000042   Code   RO          191    .text.HAL_MspInit   stm32f1xx_hal_msp.o
    0x08001a8a   0x08001a8a   0x00000002   PAD
    0x08001a8c   0x08001a8c   0x00000020   Code   RO          482    .text.HAL_NVIC_EnableIRQ  stm32f1xx_hal_cortex.o
    0x08001aac   0x08001aac   0x00000056   Code   RO          480    .text.HAL_NVIC_SetPriority  stm32f1xx_hal_cortex.o
    0x08001b02   0x08001b02   0x00000002   PAD
    0x08001b04   0x08001b04   0x00000020   Code   RO          478    .text.HAL_NVIC_SetPriorityGrouping  stm32f1xx_hal_cortex.o
    0x08001b24   0x08001b24   0x000000f0   Code   RO          412    .text.HAL_RCCEx_GetPeriphCLKFreq  stm32f1xx_hal_rcc_ex.o
    0x08001c14   0x08001c14   0x0000010a   Code   RO          408    .text.HAL_RCCEx_PeriphCLKConfig  stm32f1xx_hal_rcc_ex.o
    0x08001d1e   0x08001d1e   0x00000002   PAD
    0x08001d20   0x08001d20   0x000001be   Code   RO          374    .text.HAL_RCC_ClockConfig  stm32f1xx_hal_rcc.o
    0x08001ede   0x08001ede   0x00000002   PAD
    0x08001ee0   0x08001ee0   0x00000026   Code   RO          386    .text.HAL_RCC_GetPCLK1Freq  stm32f1xx_hal_rcc.o
    0x08001f06   0x08001f06   0x00000002   PAD
    0x08001f08   0x08001f08   0x00000026   Code   RO          388    .text.HAL_RCC_GetPCLK2Freq  stm32f1xx_hal_rcc.o
    0x08001f2e   0x08001f2e   0x00000002   PAD
    0x08001f30   0x08001f30   0x000003b4   Code   RO          372    .text.HAL_RCC_OscConfig  stm32f1xx_hal_rcc.o
    0x080022e4   0x080022e4   0x0000002c   Code   RO          490    .text.HAL_SYSTICK_Config  stm32f1xx_hal_cortex.o
    0x08002310   0x08002310   0x0000004c   Code   RO         1073    .text.HAL_TIMEx_ConfigBreakDeadTime  stm32f1xx_hal_tim_ex.o
    0x0800235c   0x0800235c   0x0000007a   Code   RO         1071    .text.HAL_TIMEx_MasterConfigSynchronization  stm32f1xx_hal_tim_ex.o
    0x080023d6   0x080023d6   0x00000002   PAD
    0x080023d8   0x080023d8   0x000000ec   Code   RO          777    .text.HAL_TIM_Base_Init  stm32f1xx_hal_tim.o
    0x080024c4   0x080024c4   0x00000032   Code   RO          131    .text.HAL_TIM_Base_MspInit  tim.o
    0x080024f6   0x080024f6   0x00000002   PAD
    0x080024f8   0x080024f8   0x0000006e   Code   RO          791    .text.HAL_TIM_Base_Start_IT  stm32f1xx_hal_tim.o
    0x08002566   0x08002566   0x00000002   PAD
    0x08002568   0x08002568   0x00000192   Code   RO          957    .text.HAL_TIM_ConfigClockSource  stm32f1xx_hal_tim.o
    0x080026fa   0x080026fa   0x00000002   PAD
    0x080026fc   0x080026fc   0x000001f2   Code   RO          931    .text.HAL_TIM_PWM_ConfigChannel  stm32f1xx_hal_tim.o
    0x080028ee   0x080028ee   0x00000002   PAD
    0x080028f0   0x080028f0   0x000000ec   Code   RO          831    .text.HAL_TIM_PWM_Init  stm32f1xx_hal_tim.o
    0x080029dc   0x080029dc   0x00000002   Code   RO          833    .text.HAL_TIM_PWM_MspInit  stm32f1xx_hal_tim.o
    0x080029de   0x080029de   0x00000002   PAD
    0x080029e0   0x080029e0   0x000000de   Code   RO          839    .text.HAL_TIM_PWM_Start  stm32f1xx_hal_tim.o
    0x08002abe   0x08002abe   0x00000002   PAD
    0x08002ac0   0x08002ac0   0x00000002   Code   RO         1177    .text.HAL_UARTEx_RxEventCallback  stm32f1xx_hal_uart.o
    0x08002ac2   0x08002ac2   0x00000002   PAD
    0x08002ac4   0x08002ac4   0x00000002   Code   RO         1175    .text.HAL_UART_ErrorCallback  stm32f1xx_hal_uart.o
    0x08002ac6   0x08002ac6   0x00000002   PAD
    0x08002ac8   0x08002ac8   0x0000026c   Code   RO         1169    .text.HAL_UART_IRQHandler  stm32f1xx_hal_uart.o
    0x08002d34   0x08002d34   0x000000dc   Code   RO         1095    .text.HAL_UART_Init  stm32f1xx_hal_uart.o
    0x08002e10   0x08002e10   0x0000008a   Code   RO          146    .text.HAL_UART_MspInit  usart.o
    0x08002e9a   0x08002e9a   0x00000002   PAD
    0x08002e9c   0x08002e9c   0x00000056   Code   RO         1115    .text.HAL_UART_Receive_IT  stm32f1xx_hal_uart.o
    0x08002ef2   0x08002ef2   0x00000002   PAD
    0x08002ef4   0x08002ef4   0x00000040   Code   RO          179    .text.HAL_UART_RxCpltCallback  stm32f1xx_it.o
    0x08002f34   0x08002f34   0x000001b0   Code   RO         1109    .text.HAL_UART_Transmit  stm32f1xx_hal_uart.o
    0x080030e4   0x080030e4   0x00000002   Code   RO         1179    .text.HAL_UART_TxCpltCallback  stm32f1xx_hal_uart.o
    0x080030e6   0x080030e6   0x00000002   PAD
    0x080030e8   0x080030e8   0x00000002   Code   RO          161    .text.HardFault_Handler  stm32f1xx_it.o
    0x080030ea   0x080030ea   0x00000002   PAD
    0x080030ec   0x080030ec   0x0000031e   Code   RO          689    .text.I2C_RequestMemoryRead  stm32f1xx_hal_i2c.o
    0x0800340a   0x0800340a   0x00000002   PAD
    0x0800340c   0x0800340c   0x00000150   Code   RO          653    .text.I2C_WaitOnFlagUntilTimeout  stm32f1xx_hal_i2c.o
    0x0800355c   0x0800355c   0x000000b8   Code   RO          767    .text.I2C_WaitOnMasterAddressFlagUntilTimeout  stm32f1xx_hal_i2c.o
    0x08003614   0x08003614   0x000004b8   Code   RO           52    .text.Location_closed_loop  dengfoc.o
    0x08003acc   0x08003acc   0x00000086   Code   RO           97    .text.MX_ADC1_Init  adc.o
    0x08003b52   0x08003b52   0x00000002   PAD
    0x08003b54   0x08003b54   0x00000074   Code   RO           88    .text.MX_GPIO_Init  gpio.o
    0x08003bc8   0x08003bc8   0x00000042   Code   RO          112    .text.MX_I2C1_Init  i2c.o
    0x08003c0a   0x08003c0a   0x00000002   PAD
    0x08003c0c   0x08003c0c   0x00000190   Code   RO          127    .text.MX_TIM1_Init  tim.o
    0x08003d9c   0x08003d9c   0x0000003c   Code   RO          144    .text.MX_USART3_UART_Init  usart.o
    0x08003dd8   0x08003dd8   0x00000002   Code   RO          163    .text.MemManage_Handler  stm32f1xx_it.o
    0x08003dda   0x08003dda   0x00000002   PAD
    0x08003ddc   0x08003ddc   0x00000002   Code   RO          159    .text.NMI_Handler   stm32f1xx_it.o
    0x08003dde   0x08003dde   0x00000002   PAD
    0x08003de0   0x08003de0   0x00000002   Code   RO          173    .text.PendSV_Handler  stm32f1xx_it.o
    0x08003de2   0x08003de2   0x00000002   PAD
    0x08003de4   0x08003de4   0x00000002   Code   RO          169    .text.SVC_Handler   stm32f1xx_it.o
    0x08003de6   0x08003de6   0x00000002   PAD
    0x08003de8   0x08003de8   0x00000004   Code   RO          175    .text.SysTick_Handler  stm32f1xx_it.o
    0x08003dec   0x08003dec   0x00000002   Code   RO         1213    .text.SystemInit    system_stm32f1xx.o
    0x08003dee   0x08003dee   0x00000002   PAD
    0x08003df0   0x08003df0   0x0000000c   Code   RO         1173    .text.UART_DMAAbortOnError  stm32f1xx_hal_uart.o
    0x08003dfc   0x08003dfc   0x000000b6   Code   RO         1171    .text.UART_Receive_IT  stm32f1xx_hal_uart.o
    0x08003eb2   0x08003eb2   0x00000002   PAD
    0x08003eb4   0x08003eb4   0x0000000c   Code   RO          177    .text.USART3_IRQHandler  stm32f1xx_it.o
    0x08003ec0   0x08003ec0   0x00000002   Code   RO          167    .text.UsageFault_Handler  stm32f1xx_it.o
    0x08003ec2   0x08003ec2   0x00000002   PAD
    0x08003ec4   0x08003ec4   0x00000052   Code   RO           11    .text.get_angle     as5600_encoder.o
    0x08003f16   0x08003f16   0x00000002   PAD
    0x08003f18   0x08003f18   0x000000a6   Code   RO           13    .text.get_angle_total  as5600_encoder.o
    0x08003fbe   0x08003fbe   0x00000002   PAD
    0x08003fc0   0x08003fc0   0x0000010e   Code   RO           65    .text.main          main.o
    0x080040ce   0x080040ce   0x00000002   PAD
    0x080040d0   0x080040d0   0x000003a8   Code   RO           48    .text.setPhaseVoltage_SVPWM  dengfoc.o
    0x08004478   0x08004478   0x00000028   Code   RO         1347    i.__ARM_fpclassify  m_ws.l(fpclassify.o)
    0x080044a0   0x080044a0   0x00000388   Code   RO         1303    i.__ieee754_rem_pio2  m_ws.l(rred.o)
    0x08004828   0x08004828   0x000000fc   Code   RO         1286    i.__kernel_cos      m_ws.l(cos_i.o)
    0x08004924   0x08004924   0x000000aa   Code   RO         1349    i.__kernel_poly     m_ws.l(poly.o)
    0x080049ce   0x080049ce   0x00000002   PAD
    0x080049d0   0x080049d0   0x000000ec   Code   RO         1308    i.__kernel_sin      m_ws.l(sin_i.o)
    0x08004abc   0x08004abc   0x00000006   Code   RO         1290    i.__mathlib_dbl_infnan  m_ws.l(dunder.o)
    0x08004ac2   0x08004ac2   0x0000000c   Code   RO         1292    i.__mathlib_dbl_invalid  m_ws.l(dunder.o)
    0x08004ace   0x08004ace   0x00000002   PAD
    0x08004ad0   0x08004ad0   0x00000010   Code   RO         1295    i.__mathlib_dbl_underflow  m_ws.l(dunder.o)
    0x08004ae0   0x08004ae0   0x0000000e   Code   RO         1357    i.__scatterload_copy  mc_w.l(handlers.o)
    0x08004aee   0x08004aee   0x00000002   Code   RO         1358    i.__scatterload_null  mc_w.l(handlers.o)
    0x08004af0   0x08004af0   0x0000000e   Code   RO         1359    i.__scatterload_zeroinit  mc_w.l(handlers.o)
    0x08004afe   0x08004afe   0x00000002   PAD
    0x08004b00   0x08004b00   0x0000000c   Code   RO         1333    i.__set_errno       mc_w.l(errno.o)
    0x08004b0c   0x08004b0c   0x0000009c   Code   RO         1228    i.cos               m_ws.l(cos.o)
    0x08004ba8   0x08004ba8   0x00000028   Code   RO         1239    i.fmaxf             m_ws.l(fmaxf.o)
    0x08004bd0   0x08004bd0   0x00000094   Code   RO         1232    i.fmod              m_ws.l(fmod.o)
    0x08004c64   0x08004c64   0x000000a0   Code   RO         1236    i.sin               m_ws.l(sin.o)
    0x08004d04   0x08004d04   0x00000004   PAD
    0x08004d08   0x08004d08   0x00000030   Data   RO         1287    .constdata          m_ws.l(cos_i.o)
    0x08004d38   0x08004d38   0x000000cc   Data   RO         1305    .constdata          m_ws.l(rred.o)
    0x08004e04   0x08004e04   0x00000004   PAD
    0x08004e08   0x08004e08   0x00000028   Data   RO         1309    .constdata          m_ws.l(sin_i.o)
    0x08004e30   0x08004e30   0x00000002   Data   RO          399    .rodata..L__const.HAL_RCC_GetSysClockFreq.aPredivFactorTable  stm32f1xx_hal_rcc.o
    0x08004e32   0x08004e32   0x00000010   Data   RO         1218    .rodata.AHBPrescTable  system_stm32f1xx.o
    0x08004e42   0x08004e42   0x00000008   Data   RO         1219    .rodata.APBPrescTable  system_stm32f1xx.o
    0x08004e4a   0x08004e4a   0x00000010   Data   RO          398    .rodata.cst16       stm32f1xx_hal_rcc.o
    0x08004e5a   0x08004e5a   0x00000002   PAD
    0x08004e5c   0x08004e5c   0x00000020   Data   RO         1356    Region$$Table       anon$$obj.o


    Execution Region RW_IRAM1 (Exec base: 0x20000000, Load base: 0x08004e80, Size: 0x00000580, Max: 0x00005000, ABSOLUTE)

    Exec Addr    Load Addr    Size         Type   Attr      Idx    E Section Name        Object

    0x20000000   0x08004e80   0x00000004   Data   RW         1334    .data               mc_w.l(errno.o)
    0x20000004   0x08004e84   0x0000000c   Data   RW           55    .data..L_MergedGlobals  dengfoc.o
    0x20000010   0x08004e90   0x00000008   Data   RW          361    .data..L_MergedGlobals  stm32f1xx_hal.o
    0x20000018   0x08004e98   0x00000004   Data   RW         1217    .data.SystemCoreClock  system_stm32f1xx.o
    0x2000001c   0x08004e9c   0x00000004   PAD
    0x20000020        -       0x00000008   Zero   RW           15    .bss..L_MergedGlobals  as5600_encoder.o
    0x20000028        -       0x00000044   Zero   RW           56    .bss..L_MergedGlobals.1  dengfoc.o
    0x2000006c        -       0x00000030   Zero   RW          103    .bss.hadc1          adc.o
    0x2000009c        -       0x00000054   Zero   RW          118    .bss.hi2c1          i2c.o
    0x200000f0        -       0x00000048   Zero   RW          135    .bss.htim1          tim.o
    0x20000138        -       0x00000044   Zero   RW          150    .bss.huart3         usart.o
    0x2000017c        -       0x00000004   Zero   RW          360    .bss.uwTick         stm32f1xx_hal.o
    0x20000180        -       0x00000400   Zero   RW            1    STACK               startup_stm32f103xb.o


==============================================================================

Image component sizes


      Code (inc. data)   RO Data    RW Data    ZI Data      Debug   Object Name

       232          0          0          0         48       4320   adc.o
       248          0          0          0          8       1960   as5600_encoder.o
      2144         24          0         12         68       8529   dengfoc.o
       116          0          0          0          0       1554   gpio.o
       188          0          0          0         84       4742   i2c.o
       280          0          0          0          0       5073   main.o
        36          8        236          0       1024        804   startup_stm32f103xb.o
       188          0          0          8          4       5766   stm32f1xx_hal.o
       614          0          0          0          0      13084   stm32f1xx_hal_adc.o
      1016          0          0          0          0       9481   stm32f1xx_hal_adc_ex.o
       194          0          0          0          0       8492   stm32f1xx_hal_cortex.o
       240          0          0          0          0       8407   stm32f1xx_hal_dma.o
       540         22          0          0          0       4612   stm32f1xx_hal_gpio.o
      2770          0          0          0          0      53265   stm32f1xx_hal_i2c.o
        66          0          0          0          0       1220   stm32f1xx_hal_msp.o
      1470          0         18          0          0       7666   stm32f1xx_hal_rcc.o
       506         20          0          0          0       3583   stm32f1xx_hal_rcc_ex.o
      1706          4          0          0          0      54331   stm32f1xx_hal_tim.o
       198          0          0          0          0      20437   stm32f1xx_hal_tim_ex.o
      1558          0          0          0          0      23605   stm32f1xx_hal_uart.o
        96          0          0          0          0       4248   stm32f1xx_it.o
         2          0         24          4          0       1646   system_stm32f1xx.o
       450          0          0          0         72       5990   tim.o
       198          0          0          0         68       5370   usart.o

    ----------------------------------------------------------------------
     15148         78        312         24       1380     258185   Object Totals
         0          0         32          0          0          0   (incl. Generated)
        92          0          2          0          4          0   (incl. Padding)

    ----------------------------------------------------------------------

      Code (inc. data)   RO Data    RW Data    ZI Data      Debug   Library Member Name

       156          8          0          0          0        104   cos.o
       252         22         48          0          0        124   cos_i.o
        34          6          0          0          0        204   dunder.o
        40          0          0          0          0         80   fmaxf.o
       148          4          0          0          0         88   fmod.o
        40          0          0          0          0         68   fpclassify.o
       170          0          0          0          0         96   poly.o
       904         76        204          0          0        140   rred.o
       160         10          0          0          0        108   sin.o
       236         12         40          0          0        128   sin_i.o
         0          0          0          0          0          0   entry.o
         0          0          0          0          0          0   entry10a.o
         0          0          0          0          0          0   entry11a.o
         8          4          0          0          0          0   entry2.o
         4          0          0          0          0          0   entry5.o
         0          0          0          0          0          0   entry7b.o
         0          0          0          0          0          0   entry8b.o
         8          4          0          0          0          0   entry9a.o
        12          6          0          4          0         68   errno.o
        30          0          0          0          0          0   handlers.o
        36          8          0          0          0         68   init.o
         0          0          0          0          0          0   iusefp.o
        30          0          0          0          0         68   llshl.o
        36          0          0          0          0         68   llsshr.o
        32          0          0          0          0         68   llushr.o
        56          0          0          0          0         88   d2f.o
       334          0          0          0          0        148   dadd.o
        54          0          0          0          0         80   dcmpgt.o
        54          0          0          0          0         80   dcmplt.o
       222          0          0          0          0        100   ddiv.o
       186          0          0          0          0        176   depilogue.o
        62          0          0          0          0         80   dfixi.o
        34          0          0          0          0         76   dflti.o
        26          0          0          0          0         76   dfltui.o
       228          0          0          0          0         96   dmul.o
       134          0          0          0          0         96   drem.o
        46          0          0          0          0         80   dscalb.o
        38          0          0          0          0         68   f2d.o
       176          0          0          0          0        140   fadd.o
        54          0          0          0          0         68   fcmp4.o
        28          0          0          0          0         68   fcmpgt.o
        28          0          0          0          0         68   fcmplt.o
       110          0          0          0          0        168   fepilogue.o
        18          0          0          0          0         68   fflti.o
       100          0          0          0          0         76   fmul.o

    ----------------------------------------------------------------------
      4336        164        296          4          0       3380   Library Totals
        12          4          4          0          0          0   (incl. Padding)

    ----------------------------------------------------------------------

      Code (inc. data)   RO Data    RW Data    ZI Data      Debug   Library Name

      2140        138        292          0          0       1140   m_ws.l
       196         22          0          4          0        340   mc_w.l
      1988          0          0          0          0       1900   mf_w.l

    ----------------------------------------------------------------------
      4336        164        296          4          0       3380   Library Totals

    ----------------------------------------------------------------------

==============================================================================


      Code (inc. data)   RO Data    RW Data    ZI Data      Debug   

     19484        242        608         28       1380     259509   Grand Totals
     19484        242        608         28       1380     259509   ELF Image Totals
     19484        242        608         28          0          0   ROM Totals

==============================================================================

    Total RO  Size (Code + RO Data)                20092 (  19.62kB)
    Total RW  Size (RW Data + ZI Data)              1408 (   1.38kB)
    Total ROM Size (Code + RO Data + RW Data)      20120 (  19.65kB)

==============================================================================

